Archive member included because of file (symbol)

c:/arm/yagarto/bin/../lib/gcc/arm-none-eabi/4.5.1\libgcc.a(_udivsi3.o)
                              ./adc.o (__aeabi_uidiv)
c:/arm/yagarto/bin/../lib/gcc/arm-none-eabi/4.5.1\libgcc.a(_divsi3.o)
                              ./uart.o (__aeabi_idiv)
c:/arm/yagarto/bin/../lib/gcc/arm-none-eabi/4.5.1\libgcc.a(_dvmd_tls.o)
                              c:/arm/yagarto/bin/../lib/gcc/arm-none-eabi/4.5.1\libgcc.a(_udivsi3.o) (__aeabi_idiv0)
c:/arm/yagarto/bin/../lib/gcc/arm-none-eabi/4.5.1/../../../../arm-none-eabi/lib\libg.a(lib_a-iprintf.o)
                              ./ma2000main.o (iprintf)
c:/arm/yagarto/bin/../lib/gcc/arm-none-eabi/4.5.1/../../../../arm-none-eabi/lib\libg.a(lib_a-vfiprintf.o)
                              c:/arm/yagarto/bin/../lib/gcc/arm-none-eabi/4.5.1/../../../../arm-none-eabi/lib\libg.a(lib_a-iprintf.o) (_vfiprintf_r)
c:/arm/yagarto/bin/../lib/gcc/arm-none-eabi/4.5.1/../../../../arm-none-eabi/lib\libg.a(lib_a-wsetup.o)
                              c:/arm/yagarto/bin/../lib/gcc/arm-none-eabi/4.5.1/../../../../arm-none-eabi/lib\libg.a(lib_a-vfiprintf.o) (__swsetup_r)
c:/arm/yagarto/bin/../lib/gcc/arm-none-eabi/4.5.1/../../../../arm-none-eabi/lib\libg.a(lib_a-fflush.o)
                              c:/arm/yagarto/bin/../lib/gcc/arm-none-eabi/4.5.1/../../../../arm-none-eabi/lib\libg.a(lib_a-vfiprintf.o) (_fflush_r)
c:/arm/yagarto/bin/../lib/gcc/arm-none-eabi/4.5.1/../../../../arm-none-eabi/lib\libg.a(lib_a-findfp.o)
                              c:/arm/yagarto/bin/../lib/gcc/arm-none-eabi/4.5.1/../../../../arm-none-eabi/lib\libg.a(lib_a-vfiprintf.o) (__sinit)
c:/arm/yagarto/bin/../lib/gcc/arm-none-eabi/4.5.1/../../../../arm-none-eabi/lib\libg.a(lib_a-fputwc.o)
                              c:/arm/yagarto/bin/../lib/gcc/arm-none-eabi/4.5.1/../../../../arm-none-eabi/lib\libg.a(lib_a-vfiprintf.o) (_fputwc_r)
c:/arm/yagarto/bin/../lib/gcc/arm-none-eabi/4.5.1/../../../../arm-none-eabi/lib\libg.a(lib_a-freer.o)
                              c:/arm/yagarto/bin/../lib/gcc/arm-none-eabi/4.5.1/../../../../arm-none-eabi/lib\libg.a(lib_a-wsetup.o) (_free_r)
c:/arm/yagarto/bin/../lib/gcc/arm-none-eabi/4.5.1/../../../../arm-none-eabi/lib\libg.a(lib_a-fvwrite.o)
                              c:/arm/yagarto/bin/../lib/gcc/arm-none-eabi/4.5.1/../../../../arm-none-eabi/lib\libg.a(lib_a-vfiprintf.o) (__sfvwrite_r)
c:/arm/yagarto/bin/../lib/gcc/arm-none-eabi/4.5.1/../../../../arm-none-eabi/lib\libg.a(lib_a-fwalk.o)
                              c:/arm/yagarto/bin/../lib/gcc/arm-none-eabi/4.5.1/../../../../arm-none-eabi/lib\libg.a(lib_a-findfp.o) (_fwalk)
c:/arm/yagarto/bin/../lib/gcc/arm-none-eabi/4.5.1/../../../../arm-none-eabi/lib\libg.a(lib_a-impure.o)
                              c:/arm/yagarto/bin/../lib/gcc/arm-none-eabi/4.5.1/../../../../arm-none-eabi/lib\libg.a(lib_a-iprintf.o) (_impure_ptr)
c:/arm/yagarto/bin/../lib/gcc/arm-none-eabi/4.5.1/../../../../arm-none-eabi/lib\libg.a(lib_a-locale.o)
                              c:/arm/yagarto/bin/../lib/gcc/arm-none-eabi/4.5.1/../../../../arm-none-eabi/lib\libg.a(lib_a-fputwc.o) (__mb_cur_max)
c:/arm/yagarto/bin/../lib/gcc/arm-none-eabi/4.5.1/../../../../arm-none-eabi/lib\libg.a(lib_a-makebuf.o)
                              c:/arm/yagarto/bin/../lib/gcc/arm-none-eabi/4.5.1/../../../../arm-none-eabi/lib\libg.a(lib_a-wsetup.o) (__smakebuf_r)
c:/arm/yagarto/bin/../lib/gcc/arm-none-eabi/4.5.1/../../../../arm-none-eabi/lib\libg.a(lib_a-mallocr.o)
                              c:/arm/yagarto/bin/../lib/gcc/arm-none-eabi/4.5.1/../../../../arm-none-eabi/lib\libg.a(lib_a-findfp.o) (_malloc_r)
c:/arm/yagarto/bin/../lib/gcc/arm-none-eabi/4.5.1/../../../../arm-none-eabi/lib\libg.a(lib_a-memchr.o)
                              c:/arm/yagarto/bin/../lib/gcc/arm-none-eabi/4.5.1/../../../../arm-none-eabi/lib\libg.a(lib_a-vfiprintf.o) (memchr)
c:/arm/yagarto/bin/../lib/gcc/arm-none-eabi/4.5.1/../../../../arm-none-eabi/lib\libg.a(lib_a-memcpy.o)
                              c:/arm/yagarto/bin/../lib/gcc/arm-none-eabi/4.5.1/../../../../arm-none-eabi/lib\libg.a(lib_a-fvwrite.o) (memcpy)
c:/arm/yagarto/bin/../lib/gcc/arm-none-eabi/4.5.1/../../../../arm-none-eabi/lib\libg.a(lib_a-memmove.o)
                              c:/arm/yagarto/bin/../lib/gcc/arm-none-eabi/4.5.1/../../../../arm-none-eabi/lib\libg.a(lib_a-fvwrite.o) (memmove)
c:/arm/yagarto/bin/../lib/gcc/arm-none-eabi/4.5.1/../../../../arm-none-eabi/lib\libg.a(lib_a-memset.o)
                              c:/arm/yagarto/bin/../lib/gcc/arm-none-eabi/4.5.1/../../../../arm-none-eabi/lib\libg.a(lib_a-findfp.o) (memset)
c:/arm/yagarto/bin/../lib/gcc/arm-none-eabi/4.5.1/../../../../arm-none-eabi/lib\libg.a(lib_a-mlock.o)
                              c:/arm/yagarto/bin/../lib/gcc/arm-none-eabi/4.5.1/../../../../arm-none-eabi/lib\libg.a(lib_a-freer.o) (__malloc_lock)
c:/arm/yagarto/bin/../lib/gcc/arm-none-eabi/4.5.1/../../../../arm-none-eabi/lib\libg.a(lib_a-reallocr.o)
[...]
Memory Configuration

Name             Origin             Length             Attributes
ROM              0x00000000         0x00080000         xr
RAM              0x40000000         0x00010000         xrw
*default*        0x00000000         0xffffffff

Linker script and memory map

LOAD ./adc.o
LOAD ./cpu_init.o
LOAD ./low_level_init.o
LOAD ./ma2000main.o
LOAD ./pwm.o
LOAD ./startup.o
LOAD ./uart.o
START GROUP
LOAD c:/arm/yagarto/bin/../lib/gcc/arm-none-eabi/4.5.1\libgcc.a
LOAD c:/arm/yagarto/bin/../lib/gcc/arm-none-eabi/4.5.1/../../../../arm-none-eabi/lib\libg.a
LOAD c:/arm/yagarto/bin/../lib/gcc/arm-none-eabi/4.5.1/../../../../arm-none-eabi/lib\libc.a
END GROUP
                0x00000200                C_STACK_SIZE = 0x200
                0x00000000                IRQ_STACK_SIZE = 0x0
                0x00000000                FIQ_STACK_SIZE = 0x0
                0x00000000                SVC_STACK_SIZE = 0x0
                0x00000000                ABT_STACK_SIZE = 0x0
                0x00000000                UND_STACK_SIZE = 0x0

.reset          0x00000000      0x190
 *startup.o(.text)
 .text          0x00000000      0x190 ./startup.o
                0x00000000                _start
                0x00000118                ExitFunction
                0x00000128                UndefHandler
                0x0000012c                SWIHandler
                0x00000130                PAbortHandler
                0x00000134                DAbortHandler
                0x00000138                IRQHandler
                0x0000013c                FIQHandler
                0x00000190                . = ALIGN (0x4)

.ramvect        0x40000000       0x40
                0x40000000                __ram_start = .
                0x40000040                . = 0x40
 *fill*         0x40000000       0x40 00

.fastcode       0x40000040        0x0 load address 0x00000190
                0x00000190                __fastcode_load = LOADADDR (.fastcode)
                0x40000040                __fastcode_start = .
 *(.glue_7t)
 .glue_7t       0x00000000        0x0 linker stubs
 *(.glue_7)
 .glue_7        0x00000000        0x0 linker stubs
 *isr.o(.text.*)
 *(.text.fastcode)
 *(.text.Blinky_dispatch)
                0x40000040                . = ALIGN (0x4)
                0x40000040                __fastcode_end = .

.text           0x00000190     0x5100
 CREATE_OBJECT_SYMBOLS
 *(.text .text.* .gnu.linkonce.t.*)
 .text          0x00000190      0x2bc ./adc.o
                0x00000190                ADCInit
                0x00000254                ADC0Read
                0x00000350                ADC1Read
 .text          0x0000044c      0x100 ./cpu_init.o
                0x0000044c                cpu_init
                0x00000510                feed
 .text          0x0000054c      0x18c ./low_level_init.o
                0x0000054c                low_level_init
 .text          0x000006d8      0x204 ./ma2000main.o
                0x000006d8                Config_P022_LED
                0x00000724                Config_MCC_PINS
                0x00000798                main
 .text          0x000008dc      0x294 ./pwm.o
                0x000008dc                pwm_init
                0x00000a2c                setpwm2cycle
                0x00000a98                setpwm4cycle
                0x00000b04                setpwm5cycle
 .text          0x00000b70      0x274 ./uart.o
                0x00000b70                vUART_ISR_Wrapper
                0x00000b80                UART_Init
                0x00000c54                UART_SendBuffer
                0x00000cec                UART_putc
                0x00000d3c                UART_ReceiveBuffer
 .text          0x00000de4      0x114 c:/arm/yagarto/bin/../lib/gcc/arm-none-eabi/4.5.1\libgcc.a(_udivsi3.o)
                0x00000de4                __aeabi_uidiv
                0x00000de4                __udivsi3
                0x00000ed8                __aeabi_uidivmod
 .text          0x00000ef8      0x148 c:/arm/yagarto/bin/../lib/gcc/arm-none-eabi/4.5.1\libgcc.a(_divsi3.o)
                0x00000ef8                __divsi3
                0x00000ef8                __aeabi_idiv
                0x00001020                __aeabi_idivmod
 .text          0x00001040        0x4 c:/arm/yagarto/bin/../lib/gcc/arm-none-eabi/4.5.1\libgcc.a(_dvmd_tls.o)
                0x00001040                __aeabi_idiv0
                0x00001040                __aeabi_ldiv0
 .text          0x00001044       0x74 c:/arm/yagarto/bin/../lib/gcc/arm-none-eabi/4.5.1/../../../../arm-none-eabi/lib\libg.a(lib_a-iprintf.o)
                0x00001044                iprintf
                0x00001084                _iprintf_r
 .text          0x000010b8     0x11cc c:/arm/yagarto/bin/../lib/gcc/arm-none-eabi/4.5.1/../../../../arm-none-eabi/lib\libg.a(lib_a-vfiprintf.o)
                0x000010b8                __sprint_r
                0x00001178                _vfiprintf_r
                0x00002258                vfiprintf
 .text          0x00002284      0x134 c:/arm/yagarto/bin/../lib/gcc/arm-none-eabi/4.5.1/../../../../arm-none-eabi/lib\libg.a(lib_a-wsetup.o)
                0x00002284                __swsetup_r
 .text          0x000023b8      0x298 c:/arm/yagarto/bin/../lib/gcc/arm-none-eabi/4.5.1/../../../../arm-none-eabi/lib\libg.a(lib_a-fflush.o)
                0x000023b8                _fflush_r
                0x00002610                fflush
 .text          0x00002650      0x334 c:/arm/yagarto/bin/../lib/gcc/arm-none-eabi/4.5.1/../../../../arm-none-eabi/lib\libg.a(lib_a-findfp.o)
                0x00002660                _cleanup_r
                0x00002678                __sfmoreglue
                0x000026c0                _cleanup
                0x000026d0                __sinit
                0x00002838                __sfp
                0x0000292c                __sfp_lock_acquire
                0x00002930                __sfp_lock_release
                0x00002934                __sinit_lock_acquire
                0x00002938                __sinit_lock_release
                0x0000293c                __fp_lock_all
                0x00002960                __fp_unlock_all
 .text          0x00002984      0x1c0 c:/arm/yagarto/bin/../lib/gcc/arm-none-eabi/4.5.1/../../../../arm-none-eabi/lib\libg.a(lib_a-fputwc.o)
                0x00002984                _fputwc_r
                0x00002af8                fputwc
 .text          0x00002b44      0x360 c:/arm/yagarto/bin/../lib/gcc/arm-none-eabi/4.5.1/../../../../arm-none-eabi/lib\libg.a(lib_a-freer.o)
                0x00002b44                _malloc_trim_r
                0x00002c40                _free_r
 .text          0x00002ea4      0x4b4 c:/arm/yagarto/bin/../lib/gcc/arm-none-eabi/4.5.1/../../../../arm-none-eabi/lib\libg.a(lib_a-fvwrite.o)
                0x00002ea4                __sfvwrite_r
 .text          0x00003358      0x10c c:/arm/yagarto/bin/../lib/gcc/arm-none-eabi/4.5.1/../../../../arm-none-eabi/lib\libg.a(lib_a-fwalk.o)
                0x00003358                _fwalk
                0x000033dc                _fwalk_reent
 .text          0x00003464        0x0 c:/arm/yagarto/bin/../lib/gcc/arm-none-eabi/4.5.1/../../../../arm-none-eabi/lib\libg.a(lib_a-impure.o)
 .text          0x00003464       0xc0 c:/arm/yagarto/bin/../lib/gcc/arm-none-eabi/4.5.1/../../../../arm-none-eabi/lib\libg.a(lib_a-locale.o)
                0x00003464                _setlocale_r
                0x000034d0                __locale_charset
                0x000034dc                __locale_msgcharset
                0x000034e8                __locale_cjk_lang
                0x000034f0                _localeconv_r
                0x000034fc                setlocale
                0x00003518                localeconv
 .text          0x00003524      0x164 c:/arm/yagarto/bin/../lib/gcc/arm-none-eabi/4.5.1/../../../../arm-none-eabi/lib\libg.a(lib_a-makebuf.o)
                0x00003524                __smakebuf_r
 .text          0x00003688      0x710 c:/arm/yagarto/bin/../lib/gcc/arm-none-eabi/4.5.1/../../../../arm-none-eabi/lib\libg.a(lib_a-mallocr.o)
                0x00003688                _malloc_r
 .text          0x00003d98      0x108 c:/arm/yagarto/bin/../lib/gcc/arm-none-eabi/4.5.1/../../../../arm-none-eabi/lib\libg.a(lib_a-memchr.o)
                0x00003d98                memchr
 .text          0x00003ea0       0xf8 c:/arm/yagarto/bin/../lib/gcc/arm-none-eabi/4.5.1/../../../../arm-none-eabi/lib\libg.a(lib_a-memcpy.o)
                0x00003ea0                memcpy
 .text          0x00003f98      0x138 c:/arm/yagarto/bin/../lib/gcc/arm-none-eabi/4.5.1/../../../../arm-none-eabi/lib\libg.a(lib_a-memmove.o)
                0x00003f98                memmove
 .text          0x000040d0      0x100 c:/arm/yagarto/bin/../lib/gcc/arm-none-eabi/4.5.1/../../../../arm-none-eabi/lib\libg.a(lib_a-memset.o)
                0x000040d0                memset
 .text          0x000041d0        0x8 c:/arm/yagarto/bin/../lib/gcc/arm-none-eabi/4.5.1/../../../../arm-none-eabi/lib\libg.a(lib_a-mlock.o)
                0x000041d0                __malloc_lock
                0x000041d4                __malloc_unlock
 .text          0x000041d8      0x5c0 c:/arm/yagarto/bin/../lib/gcc/arm-none-eabi/4.5.1/../../../../arm-none-eabi/lib\libg.a(lib_a-reallocr.o)
                0x000041d8                _realloc_r
 .text          0x00004798       0x40 c:/arm/yagarto/bin/../lib/gcc/arm-none-eabi/4.5.1/../../../../arm-none-eabi/lib\libg.a(lib_a-sbrkr.o)
                0x00004798                _sbrk_r
 .text          0x000047d8       0xe0 c:/arm/yagarto/bin/../lib/gcc/arm-none-eabi/4.5.1/../../../../arm-none-eabi/lib\libg.a(lib_a-stdio.o)
                0x000047d8                __sread
                0x0000480c                __seofread
                0x00004814                __swrite
                0x0000486c                __sseek
                0x000048a4                __sclose
 .text          0x000048b8      0x104 c:/arm/yagarto/bin/../lib/gcc/arm-none-eabi/4.5.1/../../../../arm-none-eabi/lib\libg.a(lib_a-strcmp.o)
                0x000048b8                strcmp
 .text          0x000049bc       0xe4 c:/arm/yagarto/bin/../lib/gcc/arm-none-eabi/4.5.1/../../../../arm-none-eabi/lib\libg.a(lib_a-strlen.o)
                0x000049bc                strlen
 .text          0x00004aa0      0x15c c:/arm/yagarto/bin/../lib/gcc/arm-none-eabi/4.5.1/../../../../arm-none-eabi/lib\libg.a(lib_a-wbuf.o)
                0x00004aa0                __swbuf_r
                0x00004be0                __swbuf
 .text          0x00004bfc      0x13c c:/arm/yagarto/bin/../lib/gcc/arm-none-eabi/4.5.1/../../../../arm-none-eabi/lib\libg.a(lib_a-wcrtomb.o)
                0x00004bfc                _wcrtomb_r
                0x00004c90                wcrtomb
 .text          0x00004d38       0x7c c:/arm/yagarto/bin/../lib/gcc/arm-none-eabi/4.5.1/../../../../arm-none-eabi/lib\libg.a(lib_a-wctomb_r.o)
                0x00004d38                __ascii_wctomb
                0x00004d64                _wctomb_r
 .text          0x00004db4       0x44 c:/arm/yagarto/bin/../lib/gcc/arm-none-eabi/4.5.1/../../../../arm-none-eabi/lib\libg.a(lib_a-writer.o)
                0x00004db4                _write_r
 .text          0x00004df8       0x3c c:/arm/yagarto/bin/../lib/gcc/arm-none-eabi/4.5.1/../../../../arm-none-eabi/lib\libg.a(lib_a-closer.o)
                0x00004df8                _close_r
 .text          0x00004e34      0x10c c:/arm/yagarto/bin/../lib/gcc/arm-none-eabi/4.5.1/../../../../arm-none-eabi/lib\libg.a(lib_a-fclose.o)
                0x00004e34                _fclose_r
                0x00004f2c                fclose
 .text          0x00004f40       0x40 c:/arm/yagarto/bin/../lib/gcc/arm-none-eabi/4.5.1/../../../../arm-none-eabi/lib\libg.a(lib_a-fstatr.o)
                0x00004f40                _fstat_r
 .text          0x00004f80       0x3c c:/arm/yagarto/bin/../lib/gcc/arm-none-eabi/4.5.1/../../../../arm-none-eabi/lib\libg.a(lib_a-isattyr.o)
                0x00004f80                _isatty_r
 .text          0x00004fbc       0x44 c:/arm/yagarto/bin/../lib/gcc/arm-none-eabi/4.5.1/../../../../arm-none-eabi/lib\libg.a(lib_a-lseekr.o)
                0x00004fbc                _lseek_r
 .text          0x00005000       0x44 c:/arm/yagarto/bin/../lib/gcc/arm-none-eabi/4.5.1/../../../../arm-none-eabi/lib\libg.a(lib_a-readr.o)
                0x00005000                _read_r
 .text          0x00005044      0x1a4 c:/arm/yagarto/bin/../lib/gcc/arm-none-eabi/4.5.1/../../../../arm-none-eabi/lib\libg.a(lib_a-reent.o)
                0x00005044                cleanup_glue
                0x00005070                _reclaim_reent
                0x00005178                _wrapup_reent
 *(.plt)
 *(.gnu.warning)
 *(.glue_7t)
 *(.glue_7)
                0x000051e8                . = ALIGN (0x4)
 *crtbegin.o(.ctors)
 *(EXCLUDE_FILE(*crtend.o) .ctors)
 *(SORT(.ctors.*))
 *crtend.o(.ctors)
 *crtbegin.o(.dtors)
 *(EXCLUDE_FILE(*crtend.o) .dtors)
 *(SORT(.dtors.*))
 *crtend.o(.dtors)
 *(.rodata .rodata.* .gnu.linkonce.r.*)
 .rodata        0x000051e8        0xc ./ma2000main.o
 .rodata        0x000051f4       0x20 c:/arm/yagarto/bin/../lib/gcc/arm-none-eabi/4.5.1/../../../../arm-none-eabi/lib\libg.a(lib_a-vfiprintf.o)
 .rodata.str1.4
                0x00005214       0x2f c:/arm/yagarto/bin/../lib/gcc/arm-none-eabi/4.5.1/../../../../arm-none-eabi/lib\libg.a(lib_a-vfiprintf.o)
                                 0x30 (size before relaxing)
 *fill*         0x00005243        0x1 00
 .rodata        0x00005244        0x4 c:/arm/yagarto/bin/../lib/gcc/arm-none-eabi/4.5.1/../../../../arm-none-eabi/lib\libg.a(lib_a-impure.o)
                0x00005244                _global_impure_ptr
 .rodata.str1.4
                0x00005248        0x2 c:/arm/yagarto/bin/../lib/gcc/arm-none-eabi/4.5.1/../../../../arm-none-eabi/lib\libg.a(lib_a-impure.o)
                                  0x4 (size before relaxing)
 *fill*         0x0000524a        0x2 00
 .rodata        0x0000524c       0x38 c:/arm/yagarto/bin/../lib/gcc/arm-none-eabi/4.5.1/../../../../arm-none-eabi/lib\libg.a(lib_a-locale.o)
 .rodata.str1.4
                0x00005284        0xc c:/arm/yagarto/bin/../lib/gcc/arm-none-eabi/4.5.1/../../../../arm-none-eabi/lib\libg.a(lib_a-locale.o)
                                 0x14 (size before relaxing)
 *(.ARM.extab* .gnu.linkonce.armextab.*)
 *(.gcc_except_table)
 *(.eh_frame_hdr)
 *(.eh_frame)
 *(.init)
 *(.fini)
                0x00005290                PROVIDE (__preinit_array_start, .)
 *(.preinit_array)
                0x00005290                PROVIDE (__preinit_array_end, .)
                0x00005290                PROVIDE (__init_array_start, .)
 *(SORT(.init_array.*))
 *(.init_array)
                0x00005290                PROVIDE (__init_array_end, .)
                0x00005290                PROVIDE (__fini_array_start, .)
 *(.fini_array)
 *(SORT(.fini_array.*))
                0x00005290                PROVIDE (__fini_array_end, .)

.vfp11_veneer   0x00005290        0x0
 .vfp11_veneer  0x00000000        0x0 linker stubs

.v4_bx          0x00005290        0x0
 .v4_bx         0x00000000        0x0 linker stubs

.ARM.exidx      0x00005290        0x0
                0x00005290                __exidx_start = .
 *(.ARM.exidx* .gnu.linkonce.armexidx.*)
                0x00005290                __exidx_end = .
                0x00005290                _etext = .

.data           0x40000040      0x888 load address 0x00005290
                0x00005290                __data_load = LOADADDR (.data)
                0x40000040                __data_start = .
 *(.jcr)
 *(.got.plt)
 *(.got)
 *(.shdata)
 *(.data .data.* .gnu.linkonce.d.*)
 .data          0x40000040        0x0 ./adc.o
 .data          0x40000040        0x0 ./cpu_init.o
 .data          0x40000040        0x0 ./low_level_init.o
 .data          0x40000040        0x0 ./ma2000main.o
 .data          0x40000040        0x0 ./pwm.o
 .data          0x40000040        0x0 ./startup.o
 .data          0x40000040        0x0 ./uart.o
 .data          0x40000040        0x0 c:/arm/yagarto/bin/../lib/gcc/arm-none-eabi/4.5.1\libgcc.a(_udivsi3.o)
 .data          0x40000040        0x0 c:/arm/yagarto/bin/../lib/gcc/arm-none-eabi/4.5.1\libgcc.a(_divsi3.o)
 .data          0x40000040        0x0 c:/arm/yagarto/bin/../lib/gcc/arm-none-eabi/4.5.1\libgcc.a(_dvmd_tls.o)
 .data          0x40000040        0x0 c:/arm/yagarto/bin/../lib/gcc/arm-none-eabi/4.5.1/../../../../arm-none-eabi/lib\libg.a(lib_a-iprintf.o)
 .data          0x40000040        0x0 c:/arm/yagarto/bin/../lib/gcc/arm-none-eabi/4.5.1/../../../../arm-none-eabi/lib\libg.a(lib_a-vfiprintf.o)
 .data          0x40000040        0x0 c:/arm/yagarto/bin/../lib/gcc/arm-none-eabi/4.5.1/../../../../arm-none-eabi/lib\libg.a(lib_a-wsetup.o)
 .data          0x40000040        0x0 c:/arm/yagarto/bin/../lib/gcc/arm-none-eabi/4.5.1/../../../../arm-none-eabi/lib\libg.a(lib_a-fflush.o)
 .data          0x40000040        0x0 c:/arm/yagarto/bin/../lib/gcc/arm-none-eabi/4.5.1/../../../../arm-none-eabi/lib\libg.a(lib_a-findfp.o)
 .data          0x40000040        0x0 c:/arm/yagarto/bin/../lib/gcc/arm-none-eabi/4.5.1/../../../../arm-none-eabi/lib\libg.a(lib_a-fputwc.o)
 .data          0x40000040        0x0 c:/arm/yagarto/bin/../lib/gcc/arm-none-eabi/4.5.1/../../../../arm-none-eabi/lib\libg.a(lib_a-freer.o)
 .data          0x40000040        0x0 c:/arm/yagarto/bin/../lib/gcc/arm-none-eabi/4.5.1/../../../../arm-none-eabi/lib\libg.a(lib_a-fvwrite.o)
 .data          0x40000040        0x0 c:/arm/yagarto/bin/../lib/gcc/arm-none-eabi/4.5.1/../../../../arm-none-eabi/lib\libg.a(lib_a-fwalk.o)
 .data          0x40000040      0x430 c:/arm/yagarto/bin/../lib/gcc/arm-none-eabi/4.5.1/../../../../arm-none-eabi/lib\libg.a(lib_a-impure.o)
                0x40000040                _impure_ptr
 .data          0x40000470       0x44 c:/arm/yagarto/bin/../lib/gcc/arm-none-eabi/4.5.1/../../../../arm-none-eabi/lib\libg.a(lib_a-locale.o)
                0x400004b0                __mb_cur_max
 .data          0x400004b4        0x0 c:/arm/yagarto/bin/../lib/gcc/arm-none-eabi/4.5.1/../../../../arm-none-eabi/lib\libg.a(lib_a-makebuf.o)
 .data          0x400004b4      0x410 c:/arm/yagarto/bin/../lib/gcc/arm-none-eabi/4.5.1/../../../../arm-none-eabi/lib\libg.a(lib_a-mallocr.o)
                0x400004b4                __malloc_av_
                0x400008bc                __malloc_sbrk_base
                0x400008c0                __malloc_trim_threshold
 .data          0x400008c4        0x0 c:/arm/yagarto/bin/../lib/gcc/arm-none-eabi/4.5.1/../../../../arm-none-eabi/lib\libg.a(lib_a-memchr.o)
 .data          0x400008c4        0x0 c:/arm/yagarto/bin/../lib/gcc/arm-none-eabi/4.5.1/../../../../arm-none-eabi/lib\libg.a(lib_a-memcpy.o)
 .data          0x400008c4        0x0 c:/arm/yagarto/bin/../lib/gcc/arm-none-eabi/4.5.1/../../../../arm-none-eabi/lib\libg.a(lib_a-memmove.o)
 .data          0x400008c4        0x0 c:/arm/yagarto/bin/../lib/gcc/arm-none-eabi/4.5.1/../../../../arm-none-eabi/lib\libg.a(lib_a-memset.o)
 .data          0x400008c4        0x0 c:/arm/yagarto/bin/../lib/gcc/arm-none-eabi/4.5.1/../../../../arm-none-eabi/lib\libg.a(lib_a-mlock.o)
 .data          0x400008c4        0x0 c:/arm/yagarto/bin/../lib/gcc/arm-none-eabi/4.5.1/../../../../arm-none-eabi/lib\libg.a(lib_a-reallocr.o)
 .data          0x400008c4        0x0 c:/arm/yagarto/bin/../lib/gcc/arm-none-eabi/4.5.1/../../../../arm-none-eabi/lib\libg.a(lib_a-sbrkr.o)
 .data          0x400008c4        0x0 c:/arm/yagarto/bin/../lib/gcc/arm-none-eabi/4.5.1/../../../../arm-none-eabi/lib\libg.a(lib_a-stdio.o)
 .data          0x400008c4        0x0 c:/arm/yagarto/bin/../lib/gcc/arm-none-eabi/4.5.1/../../../../arm-none-eabi/lib\libg.a(lib_a-strcmp.o)
 .data          0x400008c4        0x0 c:/arm/yagarto/bin/../lib/gcc/arm-none-eabi/4.5.1/../../../../arm-none-eabi/lib\libg.a(lib_a-strlen.o)
 .data          0x400008c4        0x0 c:/arm/yagarto/bin/../lib/gcc/arm-none-eabi/4.5.1/../../../../arm-none-eabi/lib\libg.a(lib_a-wbuf.o)
 .data          0x400008c4        0x0 c:/arm/yagarto/bin/../lib/gcc/arm-none-eabi/4.5.1/../../../../arm-none-eabi/lib\libg.a(lib_a-wcrtomb.o)
 .data          0x400008c4        0x4 c:/arm/yagarto/bin/../lib/gcc/arm-none-eabi/4.5.1/../../../../arm-none-eabi/lib\libg.a(lib_a-wctomb_r.o)
                0x400008c4                __wctomb
 .data          0x400008c8        0x0 c:/arm/yagarto/bin/../lib/gcc/arm-none-eabi/4.5.1/../../../../arm-none-eabi/lib\libg.a(lib_a-writer.o)
 .data          0x400008c8        0x0 c:/arm/yagarto/bin/../lib/gcc/arm-none-eabi/4.5.1/../../../../arm-none-eabi/lib\libg.a(lib_a-closer.o)
 .data          0x400008c8        0x0 c:/arm/yagarto/bin/../lib/gcc/arm-none-eabi/4.5.1/../../../../arm-none-eabi/lib\libg.a(lib_a-fclose.o)
 .data          0x400008c8        0x0 c:/arm/yagarto/bin/../lib/gcc/arm-none-eabi/4.5.1/../../../../arm-none-eabi/lib\libg.a(lib_a-fstatr.o)
 .data          0x400008c8        0x0 c:/arm/yagarto/bin/../lib/gcc/arm-none-eabi/4.5.1/../../../../arm-none-eabi/lib\libg.a(lib_a-isattyr.o)
 .data          0x400008c8        0x0 c:/arm/yagarto/bin/../lib/gcc/arm-none-eabi/4.5.1/../../../../arm-none-eabi/lib\libg.a(lib_a-lseekr.o)
 .data          0x400008c8        0x0 c:/arm/yagarto/bin/../lib/gcc/arm-none-eabi/4.5.1/../../../../arm-none-eabi/lib\libg.a(lib_a-readr.o)
 .data          0x400008c8        0x0 c:/arm/yagarto/bin/../lib/gcc/arm-none-eabi/4.5.1/../../../../arm-none-eabi/lib\libg.a(lib_a-reent.o)
                0x400008c8                . = ALIGN (0x4)
                0x400008c8                _edata = .

.bss            0x400008c8       0x90 load address 0x00005b18
                0x400008c8                __bss_start__ = .
 *(.shbss)
 *(.bss .bss.* .gnu.linkonce.b.*)
 .bss           0x400008c8        0x8 ./adc.o
                0x400008c8                ADC0IntDone
                0x400008cc                ADC1IntDone
 .bss           0x400008d0        0x0 ./cpu_init.o
 .bss           0x400008d0        0x0 ./low_level_init.o
 .bss           0x400008d0        0x0 ./ma2000main.o
 .bss           0x400008d0        0x0 ./pwm.o
 .bss           0x400008d0        0x0 ./startup.o
 .bss           0x400008d0        0x0 ./uart.o
 .bss           0x400008d0        0x0 c:/arm/yagarto/bin/../lib/gcc/arm-none-eabi/4.5.1\libgcc.a(_udivsi3.o)
 .bss           0x400008d0        0x0 c:/arm/yagarto/bin/../lib/gcc/arm-none-eabi/4.5.1\libgcc.a(_divsi3.o)
 .bss           0x400008d0        0x0 c:/arm/yagarto/bin/../lib/gcc/arm-none-eabi/4.5.1\libgcc.a(_dvmd_tls.o)
 .bss           0x400008d0        0x0 c:/arm/yagarto/bin/../lib/gcc/arm-none-eabi/4.5.1/../../../../arm-none-eabi/lib\libg.a(lib_a-iprintf.o)
 .bss           0x400008d0        0x0 c:/arm/yagarto/bin/../lib/gcc/arm-none-eabi/4.5.1/../../../../arm-none-eabi/lib\libg.a(lib_a-vfiprintf.o)
 .bss           0x400008d0        0x0 c:/arm/yagarto/bin/../lib/gcc/arm-none-eabi/4.5.1/../../../../arm-none-eabi/lib\libg.a(lib_a-wsetup.o)
 .bss           0x400008d0        0x0 c:/arm/yagarto/bin/../lib/gcc/arm-none-eabi/4.5.1/../../../../arm-none-eabi/lib\libg.a(lib_a-fflush.o)
 .bss           0x400008d0        0x0 c:/arm/yagarto/bin/../lib/gcc/arm-none-eabi/4.5.1/../../../../arm-none-eabi/lib\libg.a(lib_a-findfp.o)
 .bss           0x400008d0        0x0 c:/arm/yagarto/bin/../lib/gcc/arm-none-eabi/4.5.1/../../../../arm-none-eabi/lib\libg.a(lib_a-fputwc.o)
 .bss           0x400008d0        0x0 c:/arm/yagarto/bin/../lib/gcc/arm-none-eabi/4.5.1/../../../../arm-none-eabi/lib\libg.a(lib_a-freer.o)
 .bss           0x400008d0        0x0 c:/arm/yagarto/bin/../lib/gcc/arm-none-eabi/4.5.1/../../../../arm-none-eabi/lib\libg.a(lib_a-fvwrite.o)
 .bss           0x400008d0        0x0 c:/arm/yagarto/bin/../lib/gcc/arm-none-eabi/4.5.1/../../../../arm-none-eabi/lib\libg.a(lib_a-fwalk.o)
 .bss           0x400008d0        0x0 c:/arm/yagarto/bin/../lib/gcc/arm-none-eabi/4.5.1/../../../../arm-none-eabi/lib\libg.a(lib_a-impure.o)
 .bss           0x400008d0        0xc c:/arm/yagarto/bin/../lib/gcc/arm-none-eabi/4.5.1/../../../../arm-none-eabi/lib\libg.a(lib_a-locale.o)
                0x400008d0                __nlocale_changed
                0x400008d4                __mlocale_changed
                0x400008d8                _PathLocale
 .bss           0x400008dc        0x0 c:/arm/yagarto/bin/../lib/gcc/arm-none-eabi/4.5.1/../../../../arm-none-eabi/lib\libg.a(lib_a-makebuf.o)
 .bss           0x400008dc       0x34 c:/arm/yagarto/bin/../lib/gcc/arm-none-eabi/4.5.1/../../../../arm-none-eabi/lib\libg.a(lib_a-mallocr.o)
                0x400008dc                __malloc_top_pad
                0x400008e0                __malloc_current_mallinfo
                0x40000908                __malloc_max_sbrked_mem
                0x4000090c                __malloc_max_total_mem
 .bss           0x40000910        0x0 c:/arm/yagarto/bin/../lib/gcc/arm-none-eabi/4.5.1/../../../../arm-none-eabi/lib\libg.a(lib_a-memchr.o)
 .bss           0x40000910        0x0 c:/arm/yagarto/bin/../lib/gcc/arm-none-eabi/4.5.1/../../../../arm-none-eabi/lib\libg.a(lib_a-memcpy.o)
 .bss           0x40000910        0x0 c:/arm/yagarto/bin/../lib/gcc/arm-none-eabi/4.5.1/../../../../arm-none-eabi/lib\libg.a(lib_a-memmove.o)
 .bss           0x40000910        0x0 c:/arm/yagarto/bin/../lib/gcc/arm-none-eabi/4.5.1/../../../../arm-none-eabi/lib\libg.a(lib_a-memset.o)
 .bss           0x40000910        0x0 c:/arm/yagarto/bin/../lib/gcc/arm-none-eabi/4.5.1/../../../../arm-none-eabi/lib\libg.a(lib_a-mlock.o)
 .bss           0x40000910        0x0 c:/arm/yagarto/bin/../lib/gcc/arm-none-eabi/4.5.1/../../../../arm-none-eabi/lib\libg.a(lib_a-reallocr.o)
 .bss           0x40000910        0x0 c:/arm/yagarto/bin/../lib/gcc/arm-none-eabi/4.5.1/../../../../arm-none-eabi/lib\libg.a(lib_a-sbrkr.o)
 .bss           0x40000910        0x0 c:/arm/yagarto/bin/../lib/gcc/arm-none-eabi/4.5.1/../../../../arm-none-eabi/lib\libg.a(lib_a-stdio.o)
 .bss           0x40000910        0x0 c:/arm/yagarto/bin/../lib/gcc/arm-none-eabi/4.5.1/../../../../arm-none-eabi/lib\libg.a(lib_a-strcmp.o)
 .bss           0x40000910        0x0 c:/arm/yagarto/bin/../lib/gcc/arm-none-eabi/4.5.1/../../../../arm-none-eabi/lib\libg.a(lib_a-strlen.o)
 .bss           0x40000910        0x0 c:/arm/yagarto/bin/../lib/gcc/arm-none-eabi/4.5.1/../../../../arm-none-eabi/lib\libg.a(lib_a-wbuf.o)
 .bss           0x40000910        0x0 c:/arm/yagarto/bin/../lib/gcc/arm-none-eabi/4.5.1/../../../../arm-none-eabi/lib\libg.a(lib_a-wcrtomb.o)
 .bss           0x40000910        0x0 c:/arm/yagarto/bin/../lib/gcc/arm-none-eabi/4.5.1/../../../../arm-none-eabi/lib\libg.a(lib_a-wctomb_r.o)
 .bss           0x40000910        0x0 c:/arm/yagarto/bin/../lib/gcc/arm-none-eabi/4.5.1/../../../../arm-none-eabi/lib\libg.a(lib_a-writer.o)
 .bss           0x40000910        0x0 c:/arm/yagarto/bin/../lib/gcc/arm-none-eabi/4.5.1/../../../../arm-none-eabi/lib\libg.a(lib_a-closer.o)
 .bss           0x40000910        0x0 c:/arm/yagarto/bin/../lib/gcc/arm-none-eabi/4.5.1/../../../../arm-none-eabi/lib\libg.a(lib_a-fclose.o)
 .bss           0x40000910        0x0 c:/arm/yagarto/bin/../lib/gcc/arm-none-eabi/4.5.1/../../../../arm-none-eabi/lib\libg.a(lib_a-fstatr.o)
 .bss           0x40000910        0x0 c:/arm/yagarto/bin/../lib/gcc/arm-none-eabi/4.5.1/../../../../arm-none-eabi/lib\libg.a(lib_a-isattyr.o)
 .bss           0x40000910        0x0 c:/arm/yagarto/bin/../lib/gcc/arm-none-eabi/4.5.1/../../../../arm-none-eabi/lib\libg.a(lib_a-lseekr.o)
 .bss           0x40000910        0x0 c:/arm/yagarto/bin/../lib/gcc/arm-none-eabi/4.5.1/../../../../arm-none-eabi/lib\libg.a(lib_a-readr.o)
 .bss           0x40000910        0x0 c:/arm/yagarto/bin/../lib/gcc/arm-none-eabi/4.5.1/../../../../arm-none-eabi/lib\libg.a(lib_a-reent.o)
 *(COMMON)
 COMMON         0x40000910       0x40 ./adc.o
                0x40000910                ADC0Value
                0x40000930                ADC1Value
 COMMON         0x40000950        0x4 c:/arm/yagarto/bin/../lib/gcc/arm-none-eabi/4.5.1/../../../../arm-none-eabi/lib\libg.a(lib_a-reent.o)
                0x40000950                errno
                0x40000958                . = ALIGN (0x8)
 *fill*         0x40000954        0x4 00
                0x40000958                __bss_end__ = .

.stack          0x40000958      0x200 load address 0x00005b18
                0x40000958                __stack_start__ = .
                0x40000958                . = (. + IRQ_STACK_SIZE)
                0x40000958                . = ALIGN (0x4)
                0x40000958                __irq_stack_top__ = .
                0x40000958                . = (. + FIQ_STACK_SIZE)
                0x40000958                . = ALIGN (0x4)
                0x40000958                __fiq_stack_top__ = .
                0x40000958                . = (. + SVC_STACK_SIZE)
                0x40000958                . = ALIGN (0x4)
                0x40000958                __svc_stack_top__ = .
                0x40000958                . = (. + ABT_STACK_SIZE)
                0x40000958                . = ALIGN (0x4)
                0x40000958                __abt_stack_top__ = .
                0x40000958                . = (. + UND_STACK_SIZE)
                0x40000958                . = ALIGN (0x4)
                0x40000958                __und_stack_top__ = .
                0x40000b58                . = (. + C_STACK_SIZE)
 *fill*         0x40000958      0x200 00
                0x40000b58                . = ALIGN (0x4)
                0x40000b58                __c_stack_top__ = .
                0x40000b58                __stack_end__ = .
                0x40000b58                _end = .
                0x40000b58                __end = .
                0x40000b58                PROVIDE (end, .)

.stab
 *(.stab)

.stabstr
 *(.stabstr)

.debug
 *(.debug)

.line
 *(.line)

.debug_srcinfo
 *(.debug_srcinfo)

.debug_sfnames
 *(.debug_sfnames)

.comment        0x00000000       0x11
 .comment       0x00000000       0x11 ./adc.o
                                 0x12 (size before relaxing)
 .comment       0x00000000       0x12 ./cpu_init.o
 .comment       0x00000000       0x12 ./low_level_init.o
 .comment       0x00000000       0x12 ./ma2000main.o
 .comment       0x00000000       0x12 ./pwm.o
 .comment       0x00000000       0x12 ./uart.o
 .comment       0x00000000       0x12 c:/arm/yagarto/bin/../lib/gcc/arm-none-eabi/4.5.1/../../../../arm-none-eabi/lib\libg.a(lib_a-iprintf.o)
 .comment       0x00000000       0x12 c:/arm/yagarto/bin/../lib/gcc/arm-none-eabi/4.5.1/../../../../arm-none-eabi/lib\libg.a(lib_a-vfiprintf.o)
 .comment       0x00000000       0x12 c:/arm/yagarto/bin/../lib/gcc/arm-none-eabi/4.5.1/../../../../arm-none-eabi/lib\libg.a(lib_a-wsetup.o)
 .comment       0x00000000       0x12 c:/arm/yagarto/bin/../lib/gcc/arm-none-eabi/4.5.1/../../../../arm-none-eabi/lib\libg.a(lib_a-fflush.o)
 .comment       0x00000000       0x12 c:/arm/yagarto/bin/../lib/gcc/arm-none-eabi/4.5.1/../../../../arm-none-eabi/lib\libg.a(lib_a-findfp.o)
 .comment       0x00000000       0x12 c:/arm/yagarto/bin/../lib/gcc/arm-none-eabi/4.5.1/../../../../arm-none-eabi/lib\libg.a(lib_a-fputwc.o)
 .comment       0x00000000       0x12 c:/arm/yagarto/bin/../lib/gcc/arm-none-eabi/4.5.1/../../../../arm-none-eabi/lib\libg.a(lib_a-freer.o)
 .comment       0x00000000       0x12 c:/arm/yagarto/bin/../lib/gcc/arm-none-eabi/4.5.1/../../../../arm-none-eabi/lib\libg.a(lib_a-fvwrite.o)
 .comment       0x00000000       0x12 c:/arm/yagarto/bin/../lib/gcc/arm-none-eabi/4.5.1/../../../../arm-none-eabi/lib\libg.a(lib_a-fwalk.o)
 .comment       0x00000000       0x12 c:/arm/yagarto/bin/../lib/gcc/arm-none-eabi/4.5.1/../../../../arm-none-eabi/lib\libg.a(lib_a-impure.o)
 .comment       0x00000000       0x12 c:/arm/yagarto/bin/../lib/gcc/arm-none-eabi/4.5.1/../../../../arm-none-eabi/lib\libg.a(lib_a-locale.o)
 .comment       0x00000000       0x12 c:/arm/yagarto/bin/../lib/gcc/arm-none-eabi/4.5.1/../../../../arm-none-eabi/lib\libg.a(lib_a-makebuf.o)
 .comment       0x00000000       0x12 c:/arm/yagarto/bin/../lib/gcc/arm-none-eabi/4.5.1/../../../../arm-none-eabi/lib\libg.a(lib_a-mallocr.o)
 .comment       0x00000000       0x12 c:/arm/yagarto/bin/../lib/gcc/arm-none-eabi/4.5.1/../../../../arm-none-eabi/lib\libg.a(lib_a-memchr.o)
 .comment       0x00000000       0x12 c:/arm/yagarto/bin/../lib/gcc/arm-none-eabi/4.5.1/../../../../arm-none-eabi/lib\libg.a(lib_a-memcpy.o)
 .comment       0x00000000       0x12 c:/arm/yagarto/bin/../lib/gcc/arm-none-eabi/4.5.1/../../../../arm-none-eabi/lib\libg.a(lib_a-memmove.o)
 .comment       0x00000000       0x12 c:/arm/yagarto/bin/../lib/gcc/arm-none-eabi/4.5.1/../../../../arm-none-eabi/lib\libg.a(lib_a-memset.o)
 .comment       0x00000000       0x12 c:/arm/yagarto/bin/../lib/gcc/arm-none-eabi/4.5.1/../../../../arm-none-eabi/lib\libg.a(lib_a-mlock.o)
 .comment       0x00000000       0x12 c:/arm/yagarto/bin/../lib/gcc/arm-none-eabi/4.5.1/../../../../arm-none-eabi/lib\libg.a(lib_a-reallocr.o)
 .comment       0x00000000       0x12 c:/arm/yagarto/bin/../lib/gcc/arm-none-eabi/4.5.1/../../../../arm-none-eabi/lib\libg.a(lib_a-sbrkr.o)
 .comment       0x00000000       0x12 c:/arm/yagarto/bin/../lib/gcc/arm-none-eabi/4.5.1/../../../../arm-none-eabi/lib\libg.a(lib_a-stdio.o)
 .comment       0x00000000       0x12 c:/arm/yagarto/bin/../lib/gcc/arm-none-eabi/4.5.1/../../../../arm-none-eabi/lib\libg.a(lib_a-strcmp.o)
 .comment       0x00000000       0x12 c:/arm/yagarto/bin/../lib/gcc/arm-none-eabi/4.5.1/../../../../arm-none-eabi/lib\libg.a(lib_a-strlen.o)
 .comment       0x00000000       0x12 c:/arm/yagarto/bin/../lib/gcc/arm-none-eabi/4.5.1/../../../../arm-none-eabi/lib\libg.a(lib_a-wbuf.o)
 .comment       0x00000000       0x12 c:/arm/yagarto/bin/../lib/gcc/arm-none-eabi/4.5.1/../../../../arm-none-eabi/lib\libg.a(lib_a-wcrtomb.o)
 .comment       0x00000000       0x12 c:/arm/yagarto/bin/../lib/gcc/arm-none-eabi/4.5.1/../../../../arm-none-eabi/lib\libg.a(lib_a-wctomb_r.o)
 .comment       0x00000000       0x12 c:/arm/yagarto/bin/../lib/gcc/arm-none-eabi/4.5.1/../../../../arm-none-eabi/lib\libg.a(lib_a-writer.o)
 .comment       0x00000000       0x12 c:/arm/yagarto/bin/../lib/gcc/arm-none-eabi/4.5.1/../../../../arm-none-eabi/lib\libg.a(lib_a-closer.o)
 .comment       0x00000000       0x12 c:/arm/yagarto/bin/../lib/gcc/arm-none-eabi/4.5.1/../../../../arm-none-eabi/lib\libg.a(lib_a-fclose.o)
 .comment       0x00000000       0x12 c:/arm/yagarto/bin/../lib/gcc/arm-none-eabi/4.5.1/../../../../arm-none-eabi/lib\libg.a(lib_a-fstatr.o)
 .comment       0x00000000       0x12 c:/arm/yagarto/bin/../lib/gcc/arm-none-eabi/4.5.1/../../../../arm-none-eabi/lib\libg.a(lib_a-isattyr.o)
 .comment       0x00000000       0x12 c:/arm/yagarto/bin/../lib/gcc/arm-none-eabi/4.5.1/../../../../arm-none-eabi/lib\libg.a(lib_a-lseekr.o)
 .comment       0x00000000       0x12 c:/arm/yagarto/bin/../lib/gcc/arm-none-eabi/4.5.1/../../../../arm-none-eabi/lib\libg.a(lib_a-readr.o)
 .comment       0x00000000       0x12 c:/arm/yagarto/bin/../lib/gcc/arm-none-eabi/4.5.1/../../../../arm-none-eabi/lib\libg.a(lib_a-reent.o)

.debug_aranges  0x00000000      0x560
 *(.debug_aranges)
 .debug_aranges
                0x00000000       0x20 ./adc.o
 .debug_aranges
                0x00000020       0x20 ./cpu_init.o
 .debug_aranges
                0x00000040       0x20 ./low_level_init.o
 .debug_aranges
                0x00000060       0x20 ./ma2000main.o
 .debug_aranges
                0x00000080       0x20 ./pwm.o
 .debug_aranges
                0x000000a0       0x20 ./startup.o
 .debug_aranges
                0x000000c0       0x20 ./uart.o
 .debug_aranges
                0x000000e0       0x20 c:/arm/yagarto/bin/../lib/gcc/arm-none-eabi/4.5.1\libgcc.a(_udivsi3.o)
 .debug_aranges
                0x00000100       0x20 c:/arm/yagarto/bin/../lib/gcc/arm-none-eabi/4.5.1\libgcc.a(_divsi3.o)
 .debug_aranges
                0x00000120       0x20 c:/arm/yagarto/bin/../lib/gcc/arm-none-eabi/4.5.1\libgcc.a(_dvmd_tls.o)
 .debug_aranges
                0x00000140       0x20 c:/arm/yagarto/bin/../lib/gcc/arm-none-eabi/4.5.1/../../../../arm-none-eabi/lib\libg.a(lib_a-iprintf.o)
 .debug_aranges
                0x00000160       0x20 c:/arm/yagarto/bin/../lib/gcc/arm-none-eabi/4.5.1/../../../../arm-none-eabi/lib\libg.a(lib_a-vfiprintf.o)
 .debug_aranges
                0x00000180       0x20 c:/arm/yagarto/bin/../lib/gcc/arm-none-eabi/4.5.1/../../../../arm-none-eabi/lib\libg.a(lib_a-wsetup.o)
 .debug_aranges
                0x000001a0       0x20 c:/arm/yagarto/bin/../lib/gcc/arm-none-eabi/4.5.1/../../../../arm-none-eabi/lib\libg.a(lib_a-fflush.o)
 .debug_aranges
                0x000001c0       0x20 c:/arm/yagarto/bin/../lib/gcc/arm-none-eabi/4.5.1/../../../../arm-none-eabi/lib\libg.a(lib_a-findfp.o)
 .debug_aranges
                0x000001e0       0x20 c:/arm/yagarto/bin/../lib/gcc/arm-none-eabi/4.5.1/../../../../arm-none-eabi/lib\libg.a(lib_a-fputwc.o)
 .debug_aranges
                0x00000200       0x20 c:/arm/yagarto/bin/../lib/gcc/arm-none-eabi/4.5.1/../../../../arm-none-eabi/lib\libg.a(lib_a-freer.o)
 .debug_aranges
                0x00000220       0x20 c:/arm/yagarto/bin/../lib/gcc/arm-none-eabi/4.5.1/../../../../arm-none-eabi/lib\libg.a(lib_a-fvwrite.o)
 .debug_aranges
                0x00000240       0x20 c:/arm/yagarto/bin/../lib/gcc/arm-none-eabi/4.5.1/../../../../arm-none-eabi/lib\libg.a(lib_a-fwalk.o)
 .debug_aranges
                0x00000260       0x20 c:/arm/yagarto/bin/../lib/gcc/arm-none-eabi/4.5.1/../../../../arm-none-eabi/lib\libg.a(lib_a-locale.o)
 .debug_aranges
                0x00000280       0x20 c:/arm/yagarto/bin/../lib/gcc/arm-none-eabi/4.5.1/../../../../arm-none-eabi/lib\libg.a(lib_a-makebuf.o)
 .debug_aranges
                0x000002a0       0x20 c:/arm/yagarto/bin/../lib/gcc/arm-none-eabi/4.5.1/../../../../arm-none-eabi/lib\libg.a(lib_a-mallocr.o)
 .debug_aranges
                0x000002c0       0x20 c:/arm/yagarto/bin/../lib/gcc/arm-none-eabi/4.5.1/../../../../arm-none-eabi/lib\libg.a(lib_a-memchr.o)
 .debug_aranges
                0x000002e0       0x20 c:/arm/yagarto/bin/../lib/gcc/arm-none-eabi/4.5.1/../../../../arm-none-eabi/lib\libg.a(lib_a-memcpy.o)
 .debug_aranges
                0x00000300       0x20 c:/arm/yagarto/bin/../lib/gcc/arm-none-eabi/4.5.1/../../../../arm-none-eabi/lib\libg.a(lib_a-memmove.o)
 .debug_aranges
                0x00000320       0x20 c:/arm/yagarto/bin/../lib/gcc/arm-none-eabi/4.5.1/../../../../arm-none-eabi/lib\libg.a(lib_a-memset.o)
 .debug_aranges
                0x00000340       0x20 c:/arm/yagarto/bin/../lib/gcc/arm-none-eabi/4.5.1/../../../../arm-none-eabi/lib\libg.a(lib_a-mlock.o)
 .debug_aranges
                0x00000360       0x20 c:/arm/yagarto/bin/../lib/gcc/arm-none-eabi/4.5.1/../../../../arm-none-eabi/lib\libg.a(lib_a-reallocr.o)
 .debug_aranges
                0x00000380       0x20 c:/arm/yagarto/bin/../lib/gcc/arm-none-eabi/4.5.1/../../../../arm-none-eabi/lib\libg.a(lib_a-sbrkr.o)
 .debug_aranges
                0x000003a0       0x20 c:/arm/yagarto/bin/../lib/gcc/arm-none-eabi/4.5.1/../../../../arm-none-eabi/lib\libg.a(lib_a-stdio.o)
 .debug_aranges
                0x000003c0       0x20 c:/arm/yagarto/bin/../lib/gcc/arm-none-eabi/4.5.1/../../../../arm-none-eabi/lib\libg.a(lib_a-strcmp.o)
 .debug_aranges
                0x000003e0       0x20 c:/arm/yagarto/bin/../lib/gcc/arm-none-eabi/4.5.1/../../../../arm-none-eabi/lib\libg.a(lib_a-strlen.o)
 .debug_aranges
                0x00000400       0x20 c:/arm/yagarto/bin/../lib/gcc/arm-none-eabi/4.5.1/../../../../arm-none-eabi/lib\libg.a(lib_a-wbuf.o)
 .debug_aranges
                0x00000420       0x20 c:/arm/yagarto/bin/../lib/gcc/arm-none-eabi/4.5.1/../../../../arm-none-eabi/lib\libg.a(lib_a-wcrtomb.o)
 .debug_aranges
                0x00000440       0x20 c:/arm/yagarto/bin/../lib/gcc/arm-none-eabi/4.5.1/../../../../arm-none-eabi/lib\libg.a(lib_a-wctomb_r.o)
 .debug_aranges
                0x00000460       0x20 c:/arm/yagarto/bin/../lib/gcc/arm-none-eabi/4.5.1/../../../../arm-none-eabi/lib\libg.a(lib_a-writer.o)
 .debug_aranges
                0x00000480       0x20 c:/arm/yagarto/bin/../lib/gcc/arm-none-eabi/4.5.1/../../../../arm-none-eabi/lib\libg.a(lib_a-closer.o)
 .debug_aranges
                0x000004a0       0x20 c:/arm/yagarto/bin/../lib/gcc/arm-none-eabi/4.5.1/../../../../arm-none-eabi/lib\libg.a(lib_a-fclose.o)
 .debug_aranges
                0x000004c0       0x20 c:/arm/yagarto/bin/../lib/gcc/arm-none-eabi/4.5.1/../../../../arm-none-eabi/lib\libg.a(lib_a-fstatr.o)
 .debug_aranges
                0x000004e0       0x20 c:/arm/yagarto/bin/../lib/gcc/arm-none-eabi/4.5.1/../../../../arm-none-eabi/lib\libg.a(lib_a-isattyr.o)
 .debug_aranges
                0x00000500       0x20 c:/arm/yagarto/bin/../lib/gcc/arm-none-eabi/4.5.1/../../../../arm-none-eabi/lib\libg.a(lib_a-lseekr.o)
 .debug_aranges
                0x00000520       0x20 c:/arm/yagarto/bin/../lib/gcc/arm-none-eabi/4.5.1/../../../../arm-none-eabi/lib\libg.a(lib_a-readr.o)
 .debug_aranges
                0x00000540       0x20 c:/arm/yagarto/bin/../lib/gcc/arm-none-eabi/4.5.1/../../../../arm-none-eabi/lib\libg.a(lib_a-reent.o)

.debug_pubnames
                0x00000000      0x95c
 *(.debug_pubnames)
 .debug_pubnames
                0x00000000       0x74 ./adc.o
 .debug_pubnames
                0x00000074       0x28 ./cpu_init.o
 .debug_pubnames
                0x0000009c       0x25 ./low_level_init.o
 .debug_pubnames
                0x000000c1       0x43 ./ma2000main.o
 .debug_pubnames
                0x00000104       0x52 ./pwm.o
 .debug_pubnames
                0x00000156       0x6f ./uart.o
 .debug_pubnames
                0x000001c5       0x2d c:/arm/yagarto/bin/../lib/gcc/arm-none-eabi/4.5.1/../../../../arm-none-eabi/lib\libg.a(lib_a-iprintf.o)
 .debug_pubnames
                0x000001f2       0x40 c:/arm/yagarto/bin/../lib/gcc/arm-none-eabi/4.5.1/../../../../arm-none-eabi/lib\libg.a(lib_a-vfiprintf.o)
 .debug_pubnames
                0x00000232       0x22 c:/arm/yagarto/bin/../lib/gcc/arm-none-eabi/4.5.1/../../../../arm-none-eabi/lib\libg.a(lib_a-wsetup.o)
 .debug_pubnames
                0x00000254       0x2b c:/arm/yagarto/bin/../lib/gcc/arm-none-eabi/4.5.1/../../../../arm-none-eabi/lib\libg.a(lib_a-fflush.o)
 .debug_pubnames
                0x0000027f       0xdb c:/arm/yagarto/bin/../lib/gcc/arm-none-eabi/4.5.1/../../../../arm-none-eabi/lib\libg.a(lib_a-findfp.o)
 .debug_pubnames
                0x0000035a       0x2b c:/arm/yagarto/bin/../lib/gcc/arm-none-eabi/4.5.1/../../../../arm-none-eabi/lib\libg.a(lib_a-fputwc.o)
 .debug_pubnames
                0x00000385       0x31 c:/arm/yagarto/bin/../lib/gcc/arm-none-eabi/4.5.1/../../../../arm-none-eabi/lib\libg.a(lib_a-freer.o)
 .debug_pubnames
                0x000003b6       0x23 c:/arm/yagarto/bin/../lib/gcc/arm-none-eabi/4.5.1/../../../../arm-none-eabi/lib\libg.a(lib_a-fvwrite.o)
 .debug_pubnames
                0x000003d9       0x2e c:/arm/yagarto/bin/../lib/gcc/arm-none-eabi/4.5.1/../../../../arm-none-eabi/lib\libg.a(lib_a-fwalk.o)
 .debug_pubnames
                0x00000407       0x39 c:/arm/yagarto/bin/../lib/gcc/arm-none-eabi/4.5.1/../../../../arm-none-eabi/lib\libg.a(lib_a-impure.o)
 .debug_pubnames
                0x00000440       0xe2 c:/arm/yagarto/bin/../lib/gcc/arm-none-eabi/4.5.1/../../../../arm-none-eabi/lib\libg.a(lib_a-locale.o)
 .debug_pubnames
                0x00000522       0x23 c:/arm/yagarto/bin/../lib/gcc/arm-none-eabi/4.5.1/../../../../arm-none-eabi/lib\libg.a(lib_a-makebuf.o)
 .debug_pubnames
                0x00000545       0xce c:/arm/yagarto/bin/../lib/gcc/arm-none-eabi/4.5.1/../../../../arm-none-eabi/lib\libg.a(lib_a-mallocr.o)
 .debug_pubnames
                0x00000613       0x1d c:/arm/yagarto/bin/../lib/gcc/arm-none-eabi/4.5.1/../../../../arm-none-eabi/lib\libg.a(lib_a-memchr.o)
 .debug_pubnames
                0x00000630       0x1d c:/arm/yagarto/bin/../lib/gcc/arm-none-eabi/4.5.1/../../../../arm-none-eabi/lib\libg.a(lib_a-memcpy.o)
 .debug_pubnames
                0x0000064d       0x1e c:/arm/yagarto/bin/../lib/gcc/arm-none-eabi/4.5.1/../../../../arm-none-eabi/lib\libg.a(lib_a-memmove.o)
 .debug_pubnames
                0x0000066b       0x1d c:/arm/yagarto/bin/../lib/gcc/arm-none-eabi/4.5.1/../../../../arm-none-eabi/lib\libg.a(lib_a-memset.o)
 .debug_pubnames
                0x00000688       0x38 c:/arm/yagarto/bin/../lib/gcc/arm-none-eabi/4.5.1/../../../../arm-none-eabi/lib\libg.a(lib_a-mlock.o)
 .debug_pubnames
                0x000006c0       0x21 c:/arm/yagarto/bin/../lib/gcc/arm-none-eabi/4.5.1/../../../../arm-none-eabi/lib\libg.a(lib_a-reallocr.o)
 .debug_pubnames
                0x000006e1       0x1e c:/arm/yagarto/bin/../lib/gcc/arm-none-eabi/4.5.1/../../../../arm-none-eabi/lib\libg.a(lib_a-sbrkr.o)
 .debug_pubnames
                0x000006ff       0x53 c:/arm/yagarto/bin/../lib/gcc/arm-none-eabi/4.5.1/../../../../arm-none-eabi/lib\libg.a(lib_a-stdio.o)
 .debug_pubnames
                0x00000752       0x1d c:/arm/yagarto/bin/../lib/gcc/arm-none-eabi/4.5.1/../../../../arm-none-eabi/lib\libg.a(lib_a-strcmp.o)
 .debug_pubnames
                0x0000076f       0x1d c:/arm/yagarto/bin/../lib/gcc/arm-none-eabi/4.5.1/../../../../arm-none-eabi/lib\libg.a(lib_a-strlen.o)
 .debug_pubnames
                0x0000078c       0x2c c:/arm/yagarto/bin/../lib/gcc/arm-none-eabi/4.5.1/../../../../arm-none-eabi/lib\libg.a(lib_a-wbuf.o)
 .debug_pubnames
                0x000007b8       0x2d c:/arm/yagarto/bin/../lib/gcc/arm-none-eabi/4.5.1/../../../../arm-none-eabi/lib\libg.a(lib_a-wcrtomb.o)
 .debug_pubnames
                0x000007e5       0x40 c:/arm/yagarto/bin/../lib/gcc/arm-none-eabi/4.5.1/../../../../arm-none-eabi/lib\libg.a(lib_a-wctomb_r.o)
 .debug_pubnames
                0x00000825       0x1f c:/arm/yagarto/bin/../lib/gcc/arm-none-eabi/4.5.1/../../../../arm-none-eabi/lib\libg.a(lib_a-writer.o)
 .debug_pubnames
                0x00000844       0x1f c:/arm/yagarto/bin/../lib/gcc/arm-none-eabi/4.5.1/../../../../arm-none-eabi/lib\libg.a(lib_a-closer.o)
 .debug_pubnames
                0x00000863       0x2b c:/arm/yagarto/bin/../lib/gcc/arm-none-eabi/4.5.1/../../../../arm-none-eabi/lib\libg.a(lib_a-fclose.o)
 .debug_pubnames
                0x0000088e       0x1f c:/arm/yagarto/bin/../lib/gcc/arm-none-eabi/4.5.1/../../../../arm-none-eabi/lib\libg.a(lib_a-fstatr.o)
 .debug_pubnames
                0x000008ad       0x20 c:/arm/yagarto/bin/../lib/gcc/arm-none-eabi/4.5.1/../../../../arm-none-eabi/lib\libg.a(lib_a-isattyr.o)
 .debug_pubnames
                0x000008cd       0x1f c:/arm/yagarto/bin/../lib/gcc/arm-none-eabi/4.5.1/../../../../arm-none-eabi/lib\libg.a(lib_a-lseekr.o)
 .debug_pubnames
                0x000008ec       0x1e c:/arm/yagarto/bin/../lib/gcc/arm-none-eabi/4.5.1/../../../../arm-none-eabi/lib\libg.a(lib_a-readr.o)
 .debug_pubnames
                0x0000090a       0x52 c:/arm/yagarto/bin/../lib/gcc/arm-none-eabi/4.5.1/../../../../arm-none-eabi/lib\libg.a(lib_a-reent.o)

.debug_info     0x00000000    0x13ceb
 *(.debug_info .gnu.linkonce.wi.*)
 .debug_info    0x00000000      0x1a9 ./adc.o
 .debug_info    0x000001a9       0x54 ./cpu_init.o
 .debug_info    0x000001fd       0xd8 ./low_level_init.o
 .debug_info    0x000002d5      0x11f ./ma2000main.o
 .debug_info    0x000003f4       0xb9 ./pwm.o
 .debug_info    0x000004ad       0x6b ./startup.o
 .debug_info    0x00000518      0x1b6 ./uart.o
 .debug_info    0x000006ce       0x9a c:/arm/yagarto/bin/../lib/gcc/arm-none-eabi/4.5.1\libgcc.a(_udivsi3.o)
 .debug_info    0x00000768       0x9a c:/arm/yagarto/bin/../lib/gcc/arm-none-eabi/4.5.1\libgcc.a(_divsi3.o)
 .debug_info    0x00000802       0x9a c:/arm/yagarto/bin/../lib/gcc/arm-none-eabi/4.5.1\libgcc.a(_dvmd_tls.o)
 .debug_info    0x0000089c      0xa1e c:/arm/yagarto/bin/../lib/gcc/arm-none-eabi/4.5.1/../../../../arm-none-eabi/lib\libg.a(lib_a-iprintf.o)
 .debug_info    0x000012ba      0xed7 c:/arm/yagarto/bin/../lib/gcc/arm-none-eabi/4.5.1/../../../../arm-none-eabi/lib\libg.a(lib_a-vfiprintf.o)
 .debug_info    0x00002191      0x992 c:/arm/yagarto/bin/../lib/gcc/arm-none-eabi/4.5.1/../../../../arm-none-eabi/lib\libg.a(lib_a-wsetup.o)
 .debug_info    0x00002b23      0xa40 c:/arm/yagarto/bin/../lib/gcc/arm-none-eabi/4.5.1/../../../../arm-none-eabi/lib\libg.a(lib_a-fflush.o)
 .debug_info    0x00003563      0xc55 c:/arm/yagarto/bin/../lib/gcc/arm-none-eabi/4.5.1/../../../../arm-none-eabi/lib\libg.a(lib_a-findfp.o)
 .debug_info    0x000041b8      0xabf c:/arm/yagarto/bin/../lib/gcc/arm-none-eabi/4.5.1/../../../../arm-none-eabi/lib\libg.a(lib_a-fputwc.o)
 .debug_info    0x00004c77      0xc40 c:/arm/yagarto/bin/../lib/gcc/arm-none-eabi/4.5.1/../../../../arm-none-eabi/lib\libg.a(lib_a-freer.o)
 .debug_info    0x000058b7      0xab7 c:/arm/yagarto/bin/../lib/gcc/arm-none-eabi/4.5.1/../../../../arm-none-eabi/lib\libg.a(lib_a-fvwrite.o)
 .debug_info    0x0000636e      0xb36 c:/arm/yagarto/bin/../lib/gcc/arm-none-eabi/4.5.1/../../../../arm-none-eabi/lib\libg.a(lib_a-fwalk.o)
 .debug_info    0x00006ea4      0x966 c:/arm/yagarto/bin/../lib/gcc/arm-none-eabi/4.5.1/../../../../arm-none-eabi/lib\libg.a(lib_a-impure.o)
 .debug_info    0x0000780a      0xc70 c:/arm/yagarto/bin/../lib/gcc/arm-none-eabi/4.5.1/../../../../arm-none-eabi/lib\libg.a(lib_a-locale.o)
 .debug_info    0x0000847a      0xb45 c:/arm/yagarto/bin/../lib/gcc/arm-none-eabi/4.5.1/../../../../arm-none-eabi/lib\libg.a(lib_a-makebuf.o)
 .debug_info    0x00008fbf      0xd6b c:/arm/yagarto/bin/../lib/gcc/arm-none-eabi/4.5.1/../../../../arm-none-eabi/lib\libg.a(lib_a-mallocr.o)
 .debug_info    0x00009d2a      0x123 c:/arm/yagarto/bin/../lib/gcc/arm-none-eabi/4.5.1/../../../../arm-none-eabi/lib\libg.a(lib_a-memchr.o)
 .debug_info    0x00009e4d      0x13d c:/arm/yagarto/bin/../lib/gcc/arm-none-eabi/4.5.1/../../../../arm-none-eabi/lib\libg.a(lib_a-memcpy.o)
 .debug_info    0x00009f8a      0x13f c:/arm/yagarto/bin/../lib/gcc/arm-none-eabi/4.5.1/../../../../arm-none-eabi/lib\libg.a(lib_a-memmove.o)
 .debug_info    0x0000a0c9      0x114 c:/arm/yagarto/bin/../lib/gcc/arm-none-eabi/4.5.1/../../../../arm-none-eabi/lib\libg.a(lib_a-memset.o)
 .debug_info    0x0000a1dd      0x980 c:/arm/yagarto/bin/../lib/gcc/arm-none-eabi/4.5.1/../../../../arm-none-eabi/lib\libg.a(lib_a-mlock.o)
 .debug_info    0x0000ab5d      0xc10 c:/arm/yagarto/bin/../lib/gcc/arm-none-eabi/4.5.1/../../../../arm-none-eabi/lib\libg.a(lib_a-reallocr.o)
 .debug_info    0x0000b76d      0x9ac c:/arm/yagarto/bin/../lib/gcc/arm-none-eabi/4.5.1/../../../../arm-none-eabi/lib\libg.a(lib_a-sbrkr.o)
 .debug_info    0x0000c119      0xb36 c:/arm/yagarto/bin/../lib/gcc/arm-none-eabi/4.5.1/../../../../arm-none-eabi/lib\libg.a(lib_a-stdio.o)
 .debug_info    0x0000cc4f       0xda c:/arm/yagarto/bin/../lib/gcc/arm-none-eabi/4.5.1/../../../../arm-none-eabi/lib\libg.a(lib_a-strcmp.o)
 .debug_info    0x0000cd29       0xda c:/arm/yagarto/bin/../lib/gcc/arm-none-eabi/4.5.1/../../../../arm-none-eabi/lib\libg.a(lib_a-strlen.o)
 .debug_info    0x0000ce03      0x9e5 c:/arm/yagarto/bin/../lib/gcc/arm-none-eabi/4.5.1/../../../../arm-none-eabi/lib\libg.a(lib_a-wbuf.o)
 .debug_info    0x0000d7e8      0xa99 c:/arm/yagarto/bin/../lib/gcc/arm-none-eabi/4.5.1/../../../../arm-none-eabi/lib\libg.a(lib_a-wcrtomb.o)
 .debug_info    0x0000e281      0xa5d c:/arm/yagarto/bin/../lib/gcc/arm-none-eabi/4.5.1/../../../../arm-none-eabi/lib\libg.a(lib_a-wctomb_r.o)
 .debug_info    0x0000ecde      0x9d6 c:/arm/yagarto/bin/../lib/gcc/arm-none-eabi/4.5.1/../../../../arm-none-eabi/lib\libg.a(lib_a-writer.o)
 .debug_info    0x0000f6b4      0x99b c:/arm/yagarto/bin/../lib/gcc/arm-none-eabi/4.5.1/../../../../arm-none-eabi/lib\libg.a(lib_a-closer.o)
 .debug_info    0x0001004f      0x9cb c:/arm/yagarto/bin/../lib/gcc/arm-none-eabi/4.5.1/../../../../arm-none-eabi/lib\libg.a(lib_a-fclose.o)
 .debug_info    0x00010a1a      0xb3f c:/arm/yagarto/bin/../lib/gcc/arm-none-eabi/4.5.1/../../../../arm-none-eabi/lib\libg.a(lib_a-fstatr.o)
 .debug_info    0x00011559      0x99b c:/arm/yagarto/bin/../lib/gcc/arm-none-eabi/4.5.1/../../../../arm-none-eabi/lib\libg.a(lib_a-isattyr.o)
 .debug_info    0x00011ef4      0x9c4 c:/arm/yagarto/bin/../lib/gcc/arm-none-eabi/4.5.1/../../../../arm-none-eabi/lib\libg.a(lib_a-lseekr.o)
 .debug_info    0x000128b8      0x9cf c:/arm/yagarto/bin/../lib/gcc/arm-none-eabi/4.5.1/../../../../arm-none-eabi/lib\libg.a(lib_a-readr.o)
 .debug_info    0x00013287      0xa64 c:/arm/yagarto/bin/../lib/gcc/arm-none-eabi/4.5.1/../../../../arm-none-eabi/lib\libg.a(lib_a-reent.o)

.debug_abbrev   0x00000000     0x3a2e
 *(.debug_abbrev)
 .debug_abbrev  0x00000000       0x9a ./adc.o
 .debug_abbrev  0x0000009a       0x2b ./cpu_init.o
 .debug_abbrev  0x000000c5       0x77 ./low_level_init.o
 .debug_abbrev  0x0000013c       0x95 ./ma2000main.o
 .debug_abbrev  0x000001d1       0x6f ./pwm.o
 .debug_abbrev  0x00000240       0x14 ./startup.o
 .debug_abbrev  0x00000254       0xbb ./uart.o
 .debug_abbrev  0x0000030f       0x14 c:/arm/yagarto/bin/../lib/gcc/arm-none-eabi/4.5.1\libgcc.a(_udivsi3.o)
 .debug_abbrev  0x00000323       0x14 c:/arm/yagarto/bin/../lib/gcc/arm-none-eabi/4.5.1\libgcc.a(_divsi3.o)
 .debug_abbrev  0x00000337       0x14 c:/arm/yagarto/bin/../lib/gcc/arm-none-eabi/4.5.1\libgcc.a(_dvmd_tls.o)
 .debug_abbrev  0x0000034b      0x1d6 c:/arm/yagarto/bin/../lib/gcc/arm-none-eabi/4.5.1/../../../../arm-none-eabi/lib\libg.a(lib_a-iprintf.o)
 .debug_abbrev  0x00000521      0x2cb c:/arm/yagarto/bin/../lib/gcc/arm-none-eabi/4.5.1/../../../../arm-none-eabi/lib\libg.a(lib_a-vfiprintf.o)
 .debug_abbrev  0x000007ec      0x17f c:/arm/yagarto/bin/../lib/gcc/arm-none-eabi/4.5.1/../../../../arm-none-eabi/lib\libg.a(lib_a-wsetup.o)
 .debug_abbrev  0x0000096b      0x1bd c:/arm/yagarto/bin/../lib/gcc/arm-none-eabi/4.5.1/../../../../arm-none-eabi/lib\libg.a(lib_a-fflush.o)
 .debug_abbrev  0x00000b28      0x283 c:/arm/yagarto/bin/../lib/gcc/arm-none-eabi/4.5.1/../../../../arm-none-eabi/lib\libg.a(lib_a-findfp.o)
 .debug_abbrev  0x00000dab      0x206 c:/arm/yagarto/bin/../lib/gcc/arm-none-eabi/4.5.1/../../../../arm-none-eabi/lib\libg.a(lib_a-fputwc.o)
 .debug_abbrev  0x00000fb1      0x1ea c:/arm/yagarto/bin/../lib/gcc/arm-none-eabi/4.5.1/../../../../arm-none-eabi/lib\libg.a(lib_a-freer.o)
 .debug_abbrev  0x0000119b      0x1a7 c:/arm/yagarto/bin/../lib/gcc/arm-none-eabi/4.5.1/../../../../arm-none-eabi/lib\libg.a(lib_a-fvwrite.o)
 .debug_abbrev  0x00001342      0x210 c:/arm/yagarto/bin/../lib/gcc/arm-none-eabi/4.5.1/../../../../arm-none-eabi/lib\libg.a(lib_a-fwalk.o)
 .debug_abbrev  0x00001552      0x166 c:/arm/yagarto/bin/../lib/gcc/arm-none-eabi/4.5.1/../../../../arm-none-eabi/lib\libg.a(lib_a-impure.o)
 .debug_abbrev  0x000016b8      0x24d c:/arm/yagarto/bin/../lib/gcc/arm-none-eabi/4.5.1/../../../../arm-none-eabi/lib\libg.a(lib_a-locale.o)
 .debug_abbrev  0x00001905      0x199 c:/arm/yagarto/bin/../lib/gcc/arm-none-eabi/4.5.1/../../../../arm-none-eabi/lib\libg.a(lib_a-makebuf.o)
 .debug_abbrev  0x00001a9e      0x233 c:/arm/yagarto/bin/../lib/gcc/arm-none-eabi/4.5.1/../../../../arm-none-eabi/lib\libg.a(lib_a-mallocr.o)
 .debug_abbrev  0x00001cd1       0xc6 c:/arm/yagarto/bin/../lib/gcc/arm-none-eabi/4.5.1/../../../../arm-none-eabi/lib\libg.a(lib_a-memchr.o)
 .debug_abbrev  0x00001d97       0xa8 c:/arm/yagarto/bin/../lib/gcc/arm-none-eabi/4.5.1/../../../../arm-none-eabi/lib\libg.a(lib_a-memcpy.o)
 .debug_abbrev  0x00001e3f       0x99 c:/arm/yagarto/bin/../lib/gcc/arm-none-eabi/4.5.1/../../../../arm-none-eabi/lib\libg.a(lib_a-memmove.o)
 .debug_abbrev  0x00001ed8       0x9c c:/arm/yagarto/bin/../lib/gcc/arm-none-eabi/4.5.1/../../../../arm-none-eabi/lib\libg.a(lib_a-memset.o)
 .debug_abbrev  0x00001f74      0x179 c:/arm/yagarto/bin/../lib/gcc/arm-none-eabi/4.5.1/../../../../arm-none-eabi/lib\libg.a(lib_a-mlock.o)
 .debug_abbrev  0x000020ed      0x1db c:/arm/yagarto/bin/../lib/gcc/arm-none-eabi/4.5.1/../../../../arm-none-eabi/lib\libg.a(lib_a-reallocr.o)
 .debug_abbrev  0x000022c8      0x1b0 c:/arm/yagarto/bin/../lib/gcc/arm-none-eabi/4.5.1/../../../../arm-none-eabi/lib\libg.a(lib_a-sbrkr.o)
 .debug_abbrev  0x00002478      0x1f6 c:/arm/yagarto/bin/../lib/gcc/arm-none-eabi/4.5.1/../../../../arm-none-eabi/lib\libg.a(lib_a-stdio.o)
 .debug_abbrev  0x0000266e       0x71 c:/arm/yagarto/bin/../lib/gcc/arm-none-eabi/4.5.1/../../../../arm-none-eabi/lib\libg.a(lib_a-strcmp.o)
 .debug_abbrev  0x000026df       0x7e c:/arm/yagarto/bin/../lib/gcc/arm-none-eabi/4.5.1/../../../../arm-none-eabi/lib\libg.a(lib_a-strlen.o)
 .debug_abbrev  0x0000275d      0x1a7 c:/arm/yagarto/bin/../lib/gcc/arm-none-eabi/4.5.1/../../../../arm-none-eabi/lib\libg.a(lib_a-wbuf.o)
 .debug_abbrev  0x00002904      0x1ae c:/arm/yagarto/bin/../lib/gcc/arm-none-eabi/4.5.1/../../../../arm-none-eabi/lib\libg.a(lib_a-wcrtomb.o)
 .debug_abbrev  0x00002ab2      0x1e5 c:/arm/yagarto/bin/../lib/gcc/arm-none-eabi/4.5.1/../../../../arm-none-eabi/lib\libg.a(lib_a-wctomb_r.o)
 .debug_abbrev  0x00002c97      0x1a9 c:/arm/yagarto/bin/../lib/gcc/arm-none-eabi/4.5.1/../../../../arm-none-eabi/lib\libg.a(lib_a-writer.o)
 .debug_abbrev  0x00002e40      0x1a4 c:/arm/yagarto/bin/../lib/gcc/arm-none-eabi/4.5.1/../../../../arm-none-eabi/lib\libg.a(lib_a-closer.o)
 .debug_abbrev  0x00002fe4      0x1b6 c:/arm/yagarto/bin/../lib/gcc/arm-none-eabi/4.5.1/../../../../arm-none-eabi/lib\libg.a(lib_a-fclose.o)
 .debug_abbrev  0x0000319a      0x1b3 c:/arm/yagarto/bin/../lib/gcc/arm-none-eabi/4.5.1/../../../../arm-none-eabi/lib\libg.a(lib_a-fstatr.o)
 .debug_abbrev  0x0000334d      0x1a4 c:/arm/yagarto/bin/../lib/gcc/arm-none-eabi/4.5.1/../../../../arm-none-eabi/lib\libg.a(lib_a-isattyr.o)
 .debug_abbrev  0x000034f1      0x1b3 c:/arm/yagarto/bin/../lib/gcc/arm-none-eabi/4.5.1/../../../../arm-none-eabi/lib\libg.a(lib_a-lseekr.o)
 .debug_abbrev  0x000036a4      0x1a4 c:/arm/yagarto/bin/../lib/gcc/arm-none-eabi/4.5.1/../../../../arm-none-eabi/lib\libg.a(lib_a-readr.o)
 .debug_abbrev  0x00003848      0x1e6 c:/arm/yagarto/bin/../lib/gcc/arm-none-eabi/4.5.1/../../../../arm-none-eabi/lib\libg.a(lib_a-reent.o)

.debug_line     0x00000000     0x44b6
 *(.debug_line)
 .debug_line    0x00000000      0x11d ./adc.o
 .debug_line    0x0000011d       0x79 ./cpu_init.o
 .debug_line    0x00000196       0xe4 ./low_level_init.o
 .debug_line    0x0000027a      0x137 ./ma2000main.o
 .debug_line    0x000003b1       0x84 ./pwm.o
 .debug_line    0x00000435       0x8f ./startup.o
 .debug_line    0x000004c4      0x116 ./uart.o
 .debug_line    0x000005da       0x93 c:/arm/yagarto/bin/../lib/gcc/arm-none-eabi/4.5.1\libgcc.a(_udivsi3.o)
 .debug_line    0x0000066d       0x9f c:/arm/yagarto/bin/../lib/gcc/arm-none-eabi/4.5.1\libgcc.a(_divsi3.o)
 .debug_line    0x0000070c       0x6a c:/arm/yagarto/bin/../lib/gcc/arm-none-eabi/4.5.1\libgcc.a(_dvmd_tls.o)
 .debug_line    0x00000776      0x180 c:/arm/yagarto/bin/../lib/gcc/arm-none-eabi/4.5.1/../../../../arm-none-eabi/lib\libg.a(lib_a-iprintf.o)
 .debug_line    0x000008f6      0x6a7 c:/arm/yagarto/bin/../lib/gcc/arm-none-eabi/4.5.1/../../../../arm-none-eabi/lib\libg.a(lib_a-vfiprintf.o)
 .debug_line    0x00000f9d      0x1b0 c:/arm/yagarto/bin/../lib/gcc/arm-none-eabi/4.5.1/../../../../arm-none-eabi/lib\libg.a(lib_a-wsetup.o)
 .debug_line    0x0000114d      0x256 c:/arm/yagarto/bin/../lib/gcc/arm-none-eabi/4.5.1/../../../../arm-none-eabi/lib\libg.a(lib_a-fflush.o)
 .debug_line    0x000013a3      0x23d c:/arm/yagarto/bin/../lib/gcc/arm-none-eabi/4.5.1/../../../../arm-none-eabi/lib\libg.a(lib_a-findfp.o)
 .debug_line    0x000015e0      0x1bc c:/arm/yagarto/bin/../lib/gcc/arm-none-eabi/4.5.1/../../../../arm-none-eabi/lib\libg.a(lib_a-fputwc.o)
 .debug_line    0x0000179c      0x1e3 c:/arm/yagarto/bin/../lib/gcc/arm-none-eabi/4.5.1/../../../../arm-none-eabi/lib\libg.a(lib_a-freer.o)
 .debug_line    0x0000197f      0x275 c:/arm/yagarto/bin/../lib/gcc/arm-none-eabi/4.5.1/../../../../arm-none-eabi/lib\libg.a(lib_a-fvwrite.o)
 .debug_line    0x00001bf4      0x18c c:/arm/yagarto/bin/../lib/gcc/arm-none-eabi/4.5.1/../../../../arm-none-eabi/lib\libg.a(lib_a-fwalk.o)
 .debug_line    0x00001d80      0x110 c:/arm/yagarto/bin/../lib/gcc/arm-none-eabi/4.5.1/../../../../arm-none-eabi/lib\libg.a(lib_a-impure.o)
 .debug_line    0x00001e90      0x19b c:/arm/yagarto/bin/../lib/gcc/arm-none-eabi/4.5.1/../../../../arm-none-eabi/lib\libg.a(lib_a-locale.o)
 .debug_line    0x0000202b      0x1dd c:/arm/yagarto/bin/../lib/gcc/arm-none-eabi/4.5.1/../../../../arm-none-eabi/lib\libg.a(lib_a-makebuf.o)
 .debug_line    0x00002208      0x300 c:/arm/yagarto/bin/../lib/gcc/arm-none-eabi/4.5.1/../../../../arm-none-eabi/lib\libg.a(lib_a-mallocr.o)
 .debug_line    0x00002508      0x14e c:/arm/yagarto/bin/../lib/gcc/arm-none-eabi/4.5.1/../../../../arm-none-eabi/lib\libg.a(lib_a-memchr.o)
 .debug_line    0x00002656      0x17a c:/arm/yagarto/bin/../lib/gcc/arm-none-eabi/4.5.1/../../../../arm-none-eabi/lib\libg.a(lib_a-memcpy.o)
 .debug_line    0x000027d0      0x18d c:/arm/yagarto/bin/../lib/gcc/arm-none-eabi/4.5.1/../../../../arm-none-eabi/lib\libg.a(lib_a-memmove.o)
 .debug_line    0x0000295d      0x167 c:/arm/yagarto/bin/../lib/gcc/arm-none-eabi/4.5.1/../../../../arm-none-eabi/lib\libg.a(lib_a-memset.o)
 .debug_line    0x00002ac4      0x122 c:/arm/yagarto/bin/../lib/gcc/arm-none-eabi/4.5.1/../../../../arm-none-eabi/lib\libg.a(lib_a-mlock.o)
 .debug_line    0x00002be6      0x2a7 c:/arm/yagarto/bin/../lib/gcc/arm-none-eabi/4.5.1/../../../../arm-none-eabi/lib\libg.a(lib_a-reallocr.o)
 .debug_line    0x00002e8d      0x174 c:/arm/yagarto/bin/../lib/gcc/arm-none-eabi/4.5.1/../../../../arm-none-eabi/lib\libg.a(lib_a-sbrkr.o)
 .debug_line    0x00003001      0x190 c:/arm/yagarto/bin/../lib/gcc/arm-none-eabi/4.5.1/../../../../arm-none-eabi/lib\libg.a(lib_a-stdio.o)
 .debug_line    0x00003191       0xf3 c:/arm/yagarto/bin/../lib/gcc/arm-none-eabi/4.5.1/../../../../arm-none-eabi/lib\libg.a(lib_a-strcmp.o)
 .debug_line    0x00003284      0x141 c:/arm/yagarto/bin/../lib/gcc/arm-none-eabi/4.5.1/../../../../arm-none-eabi/lib\libg.a(lib_a-strlen.o)
 .debug_line    0x000033c5      0x1c9 c:/arm/yagarto/bin/../lib/gcc/arm-none-eabi/4.5.1/../../../../arm-none-eabi/lib\libg.a(lib_a-wbuf.o)
 .debug_line    0x0000358e      0x19e c:/arm/yagarto/bin/../lib/gcc/arm-none-eabi/4.5.1/../../../../arm-none-eabi/lib\libg.a(lib_a-wcrtomb.o)
 .debug_line    0x0000372c      0x194 c:/arm/yagarto/bin/../lib/gcc/arm-none-eabi/4.5.1/../../../../arm-none-eabi/lib\libg.a(lib_a-wctomb_r.o)
 .debug_line    0x000038c0      0x177 c:/arm/yagarto/bin/../lib/gcc/arm-none-eabi/4.5.1/../../../../arm-none-eabi/lib\libg.a(lib_a-writer.o)
 .debug_line    0x00003a37      0x177 c:/arm/yagarto/bin/../lib/gcc/arm-none-eabi/4.5.1/../../../../arm-none-eabi/lib\libg.a(lib_a-closer.o)
 .debug_line    0x00003bae      0x1b1 c:/arm/yagarto/bin/../lib/gcc/arm-none-eabi/4.5.1/../../../../arm-none-eabi/lib\libg.a(lib_a-fclose.o)
 .debug_line    0x00003d5f      0x18c c:/arm/yagarto/bin/../lib/gcc/arm-none-eabi/4.5.1/../../../../arm-none-eabi/lib\libg.a(lib_a-fstatr.o)
 .debug_line    0x00003eeb      0x178 c:/arm/yagarto/bin/../lib/gcc/arm-none-eabi/4.5.1/../../../../arm-none-eabi/lib\libg.a(lib_a-isattyr.o)
 .debug_line    0x00004063      0x177 c:/arm/yagarto/bin/../lib/gcc/arm-none-eabi/4.5.1/../../../../arm-none-eabi/lib\libg.a(lib_a-lseekr.o)
 .debug_line    0x000041da      0x176 c:/arm/yagarto/bin/../lib/gcc/arm-none-eabi/4.5.1/../../../../arm-none-eabi/lib\libg.a(lib_a-readr.o)
 .debug_line    0x00004350      0x166 c:/arm/yagarto/bin/../lib/gcc/arm-none-eabi/4.5.1/../../../../arm-none-eabi/lib\libg.a(lib_a-reent.o)

.debug_frame    0x00000000      0xbd8
 *(.debug_frame)
 .debug_frame   0x00000000       0x68 ./adc.o
 .debug_frame   0x00000068       0x4c ./cpu_init.o
 .debug_frame   0x000000b4       0x2c ./low_level_init.o
 .debug_frame   0x000000e0       0x68 ./ma2000main.o
 .debug_frame   0x00000148       0x80 ./pwm.o
 .debug_frame   0x000001c8       0x94 ./uart.o
 .debug_frame   0x0000025c       0x20 c:/arm/yagarto/bin/../lib/gcc/arm-none-eabi/4.5.1\libgcc.a(_udivsi3.o)
 .debug_frame   0x0000027c       0x20 c:/arm/yagarto/bin/../lib/gcc/arm-none-eabi/4.5.1\libgcc.a(_divsi3.o)
 .debug_frame   0x0000029c       0x58 c:/arm/yagarto/bin/../lib/gcc/arm-none-eabi/4.5.1/../../../../arm-none-eabi/lib\libg.a(lib_a-iprintf.o)
 .debug_frame   0x000002f4       0x7c c:/arm/yagarto/bin/../lib/gcc/arm-none-eabi/4.5.1/../../../../arm-none-eabi/lib\libg.a(lib_a-vfiprintf.o)
 .debug_frame   0x00000370       0x2c c:/arm/yagarto/bin/../lib/gcc/arm-none-eabi/4.5.1/../../../../arm-none-eabi/lib\libg.a(lib_a-wsetup.o)
 .debug_frame   0x0000039c       0x48 c:/arm/yagarto/bin/../lib/gcc/arm-none-eabi/4.5.1/../../../../arm-none-eabi/lib\libg.a(lib_a-fflush.o)
 .debug_frame   0x000003e4      0x12c c:/arm/yagarto/bin/../lib/gcc/arm-none-eabi/4.5.1/../../../../arm-none-eabi/lib\libg.a(lib_a-findfp.o)
 .debug_frame   0x00000510       0x54 c:/arm/yagarto/bin/../lib/gcc/arm-none-eabi/4.5.1/../../../../arm-none-eabi/lib\libg.a(lib_a-fputwc.o)
 .debug_frame   0x00000564       0x50 c:/arm/yagarto/bin/../lib/gcc/arm-none-eabi/4.5.1/../../../../arm-none-eabi/lib\libg.a(lib_a-freer.o)
 .debug_frame   0x000005b4       0x3c c:/arm/yagarto/bin/../lib/gcc/arm-none-eabi/4.5.1/../../../../arm-none-eabi/lib\libg.a(lib_a-fvwrite.o)
 .debug_frame   0x000005f0       0x54 c:/arm/yagarto/bin/../lib/gcc/arm-none-eabi/4.5.1/../../../../arm-none-eabi/lib\libg.a(lib_a-fwalk.o)
 .debug_frame   0x00000644       0x88 c:/arm/yagarto/bin/../lib/gcc/arm-none-eabi/4.5.1/../../../../arm-none-eabi/lib\libg.a(lib_a-locale.o)
 .debug_frame   0x000006cc       0x34 c:/arm/yagarto/bin/../lib/gcc/arm-none-eabi/4.5.1/../../../../arm-none-eabi/lib\libg.a(lib_a-makebuf.o)
 .debug_frame   0x00000700       0x3c c:/arm/yagarto/bin/../lib/gcc/arm-none-eabi/4.5.1/../../../../arm-none-eabi/lib\libg.a(lib_a-mallocr.o)
 .debug_frame   0x0000073c       0x28 c:/arm/yagarto/bin/../lib/gcc/arm-none-eabi/4.5.1/../../../../arm-none-eabi/lib\libg.a(lib_a-memchr.o)
 .debug_frame   0x00000764       0x28 c:/arm/yagarto/bin/../lib/gcc/arm-none-eabi/4.5.1/../../../../arm-none-eabi/lib\libg.a(lib_a-memcpy.o)
 .debug_frame   0x0000078c       0x2c c:/arm/yagarto/bin/../lib/gcc/arm-none-eabi/4.5.1/../../../../arm-none-eabi/lib\libg.a(lib_a-memmove.o)
 .debug_frame   0x000007b8       0x28 c:/arm/yagarto/bin/../lib/gcc/arm-none-eabi/4.5.1/../../../../arm-none-eabi/lib\libg.a(lib_a-memset.o)
 .debug_frame   0x000007e0       0x30 c:/arm/yagarto/bin/../lib/gcc/arm-none-eabi/4.5.1/../../../../arm-none-eabi/lib\libg.a(lib_a-mlock.o)
 .debug_frame   0x00000810       0x3c c:/arm/yagarto/bin/../lib/gcc/arm-none-eabi/4.5.1/../../../../arm-none-eabi/lib\libg.a(lib_a-reallocr.o)
 .debug_frame   0x0000084c       0x2c c:/arm/yagarto/bin/../lib/gcc/arm-none-eabi/4.5.1/../../../../arm-none-eabi/lib\libg.a(lib_a-sbrkr.o)
 .debug_frame   0x00000878       0x88 c:/arm/yagarto/bin/../lib/gcc/arm-none-eabi/4.5.1/../../../../arm-none-eabi/lib\libg.a(lib_a-stdio.o)
 .debug_frame   0x00000900       0x28 c:/arm/yagarto/bin/../lib/gcc/arm-none-eabi/4.5.1/../../../../arm-none-eabi/lib\libg.a(lib_a-strcmp.o)
 .debug_frame   0x00000928       0x28 c:/arm/yagarto/bin/../lib/gcc/arm-none-eabi/4.5.1/../../../../arm-none-eabi/lib\libg.a(lib_a-strlen.o)
 .debug_frame   0x00000950       0x3c c:/arm/yagarto/bin/../lib/gcc/arm-none-eabi/4.5.1/../../../../arm-none-eabi/lib\libg.a(lib_a-wbuf.o)
 .debug_frame   0x0000098c       0x5c c:/arm/yagarto/bin/../lib/gcc/arm-none-eabi/4.5.1/../../../../arm-none-eabi/lib\libg.a(lib_a-wcrtomb.o)
 .debug_frame   0x000009e8       0x44 c:/arm/yagarto/bin/../lib/gcc/arm-none-eabi/4.5.1/../../../../arm-none-eabi/lib\libg.a(lib_a-wctomb_r.o)
 .debug_frame   0x00000a2c       0x2c c:/arm/yagarto/bin/../lib/gcc/arm-none-eabi/4.5.1/../../../../arm-none-eabi/lib\libg.a(lib_a-writer.o)
 .debug_frame   0x00000a58       0x2c c:/arm/yagarto/bin/../lib/gcc/arm-none-eabi/4.5.1/../../../../arm-none-eabi/lib\libg.a(lib_a-closer.o)
 .debug_frame   0x00000a84       0x3c c:/arm/yagarto/bin/../lib/gcc/arm-none-eabi/4.5.1/../../../../arm-none-eabi/lib\libg.a(lib_a-fclose.o)
 .debug_frame   0x00000ac0       0x2c c:/arm/yagarto/bin/../lib/gcc/arm-none-eabi/4.5.1/../../../../arm-none-eabi/lib\libg.a(lib_a-fstatr.o)
 .debug_frame   0x00000aec       0x2c c:/arm/yagarto/bin/../lib/gcc/arm-none-eabi/4.5.1/../../../../arm-none-eabi/lib\libg.a(lib_a-isattyr.o)
 .debug_frame   0x00000b18       0x2c c:/arm/yagarto/bin/../lib/gcc/arm-none-eabi/4.5.1/../../../../arm-none-eabi/lib\libg.a(lib_a-lseekr.o)
 .debug_frame   0x00000b44       0x2c c:/arm/yagarto/bin/../lib/gcc/arm-none-eabi/4.5.1/../../../../arm-none-eabi/lib\libg.a(lib_a-readr.o)
 .debug_frame   0x00000b70       0x68 c:/arm/yagarto/bin/../lib/gcc/arm-none-eabi/4.5.1/../../../../arm-none-eabi/lib\libg.a(lib_a-reent.o)

.debug_str      0x00000000     0x1884
 *(.debug_str)
 .debug_str     0x00000000      0x115 ./adc.o
                                0x149 (size before relaxing)
 .debug_str     0x00000115       0x1c ./cpu_init.o
                                 0x5e (size before relaxing)
 .debug_str     0x00000131       0x46 ./low_level_init.o
                                0x11d (size before relaxing)
 .debug_str     0x00000177       0x97 ./ma2000main.o
                                0x12f (size before relaxing)
 .debug_str     0x0000020e       0x39 ./pwm.o
                                 0x88 (size before relaxing)
 .debug_str     0x00000247       0x7c ./uart.o
                                0x15b (size before relaxing)
 .debug_str     0x000002c3      0x416 c:/arm/yagarto/bin/../lib/gcc/arm-none-eabi/4.5.1/../../../../arm-none-eabi/lib\libg.a(lib_a-iprintf.o)
                                0x508 (size before relaxing)
 .debug_str     0x000006d9      0x15f c:/arm/yagarto/bin/../lib/gcc/arm-none-eabi/4.5.1/../../../../arm-none-eabi/lib\libg.a(lib_a-vfiprintf.o)
                                0x654 (size before relaxing)
 .debug_str     0x00000838       0x44 c:/arm/yagarto/bin/../lib/gcc/arm-none-eabi/4.5.1/../../../../arm-none-eabi/lib\libg.a(lib_a-wsetup.o)
                                0x4df (size before relaxing)
 .debug_str     0x0000087c       0x6d c:/arm/yagarto/bin/../lib/gcc/arm-none-eabi/4.5.1/../../../../arm-none-eabi/lib\libg.a(lib_a-fflush.o)
                                0x50f (size before relaxing)
 .debug_str     0x000008e9      0x100 c:/arm/yagarto/bin/../lib/gcc/arm-none-eabi/4.5.1/../../../../arm-none-eabi/lib\libg.a(lib_a-findfp.o)
                                0x5c7 (size before relaxing)
 .debug_str     0x000009e9       0x58 c:/arm/yagarto/bin/../lib/gcc/arm-none-eabi/4.5.1/../../../../arm-none-eabi/lib\libg.a(lib_a-fputwc.o)
                                0x509 (size before relaxing)
 .debug_str     0x00000a41      0x1a0 c:/arm/yagarto/bin/../lib/gcc/arm-none-eabi/4.5.1/../../../../arm-none-eabi/lib\libg.a(lib_a-freer.o)
                                0x616 (size before relaxing)
 .debug_str     0x00000be1       0x64 c:/arm/yagarto/bin/../lib/gcc/arm-none-eabi/4.5.1/../../../../arm-none-eabi/lib\libg.a(lib_a-fvwrite.o)
                                0x536 (size before relaxing)
 .debug_str     0x00000c45       0x5c c:/arm/yagarto/bin/../lib/gcc/arm-none-eabi/4.5.1/../../../../arm-none-eabi/lib\libg.a(lib_a-fwalk.o)
                                0x508 (size before relaxing)
 .debug_str     0x00000ca1       0x8a c:/arm/yagarto/bin/../lib/gcc/arm-none-eabi/4.5.1/../../../../arm-none-eabi/lib\libg.a(lib_a-impure.o)
                                0x4ed (size before relaxing)
 .debug_str     0x00000d2b      0x23a c:/arm/yagarto/bin/../lib/gcc/arm-none-eabi/4.5.1/../../../../arm-none-eabi/lib\libg.a(lib_a-locale.o)
                                0x72f (size before relaxing)
 .debug_str     0x00000f65      0x121 c:/arm/yagarto/bin/../lib/gcc/arm-none-eabi/4.5.1/../../../../arm-none-eabi/lib\libg.a(lib_a-makebuf.o)
                                0x5d9 (size before relaxing)
 .debug_str     0x00001086       0xef c:/arm/yagarto/bin/../lib/gcc/arm-none-eabi/4.5.1/../../../../arm-none-eabi/lib\libg.a(lib_a-mallocr.o)
                                0x6c4 (size before relaxing)
 .debug_str     0x00001175       0xa1 c:/arm/yagarto/bin/../lib/gcc/arm-none-eabi/4.5.1/../../../../arm-none-eabi/lib\libg.a(lib_a-memchr.o)
                                0x13d (size before relaxing)
 .debug_str     0x00001216       0x67 c:/arm/yagarto/bin/../lib/gcc/arm-none-eabi/4.5.1/../../../../arm-none-eabi/lib\libg.a(lib_a-memcpy.o)
                                0x14a (size before relaxing)
 .debug_str     0x0000127d       0x4b c:/arm/yagarto/bin/../lib/gcc/arm-none-eabi/4.5.1/../../../../arm-none-eabi/lib\libg.a(lib_a-memmove.o)
                                0x156 (size before relaxing)
 .debug_str     0x000012c8       0x54 c:/arm/yagarto/bin/../lib/gcc/arm-none-eabi/4.5.1/../../../../arm-none-eabi/lib\libg.a(lib_a-memset.o)
                                0x137 (size before relaxing)
 .debug_str     0x0000131c       0x6b c:/arm/yagarto/bin/../lib/gcc/arm-none-eabi/4.5.1/../../../../arm-none-eabi/lib\libg.a(lib_a-mlock.o)
                                0x4f6 (size before relaxing)
 .debug_str     0x00001387       0x59 c:/arm/yagarto/bin/../lib/gcc/arm-none-eabi/4.5.1/../../../../arm-none-eabi/lib\libg.a(lib_a-reallocr.o)
                                0x596 (size before relaxing)
 .debug_str     0x000013e0       0x54 c:/arm/yagarto/bin/../lib/gcc/arm-none-eabi/4.5.1/../../../../arm-none-eabi/lib\libg.a(lib_a-sbrkr.o)
                                0x4e4 (size before relaxing)
 .debug_str     0x00001434       0x6b c:/arm/yagarto/bin/../lib/gcc/arm-none-eabi/4.5.1/../../../../arm-none-eabi/lib\libg.a(lib_a-stdio.o)
                                0x514 (size before relaxing)
 .debug_str     0x0000149f       0x40 c:/arm/yagarto/bin/../lib/gcc/arm-none-eabi/4.5.1/../../../../arm-none-eabi/lib\libg.a(lib_a-strcmp.o)
                                0x11c (size before relaxing)
 .debug_str     0x000014df       0x40 c:/arm/yagarto/bin/../lib/gcc/arm-none-eabi/4.5.1/../../../../arm-none-eabi/lib\libg.a(lib_a-strlen.o)
                                0x136 (size before relaxing)
 .debug_str     0x0000151f       0x48 c:/arm/yagarto/bin/../lib/gcc/arm-none-eabi/4.5.1/../../../../arm-none-eabi/lib\libg.a(lib_a-wbuf.o)
                                0x4e3 (size before relaxing)
 .debug_str     0x00001567       0x5d c:/arm/yagarto/bin/../lib/gcc/arm-none-eabi/4.5.1/../../../../arm-none-eabi/lib\libg.a(lib_a-wcrtomb.o)
                                0x50d (size before relaxing)
 .debug_str     0x000015c4       0x5b c:/arm/yagarto/bin/../lib/gcc/arm-none-eabi/4.5.1/../../../../arm-none-eabi/lib\libg.a(lib_a-wctomb_r.o)
                                0x51c (size before relaxing)
 .debug_str     0x0000161f       0x4a c:/arm/yagarto/bin/../lib/gcc/arm-none-eabi/4.5.1/../../../../arm-none-eabi/lib\libg.a(lib_a-writer.o)
                                0x4e1 (size before relaxing)
 .debug_str     0x00001669       0x41 c:/arm/yagarto/bin/../lib/gcc/arm-none-eabi/4.5.1/../../../../arm-none-eabi/lib\libg.a(lib_a-closer.o)
                                0x4d1 (size before relaxing)
 .debug_str     0x000016aa       0x49 c:/arm/yagarto/bin/../lib/gcc/arm-none-eabi/4.5.1/../../../../arm-none-eabi/lib\libg.a(lib_a-fclose.o)
                                0x4e9 (size before relaxing)
 .debug_str     0x000016f3       0x4e c:/arm/yagarto/bin/../lib/gcc/arm-none-eabi/4.5.1/../../../../arm-none-eabi/lib\libg.a(lib_a-fstatr.o)
                                0x5cb (size before relaxing)
 .debug_str     0x00001741       0x4b c:/arm/yagarto/bin/../lib/gcc/arm-none-eabi/4.5.1/../../../../arm-none-eabi/lib\libg.a(lib_a-isattyr.o)
                                0x4db (size before relaxing)
 .debug_str     0x0000178c       0x48 c:/arm/yagarto/bin/../lib/gcc/arm-none-eabi/4.5.1/../../../../arm-none-eabi/lib\libg.a(lib_a-lseekr.o)
                                0x4e6 (size before relaxing)
 .debug_str     0x000017d4       0x3f c:/arm/yagarto/bin/../lib/gcc/arm-none-eabi/4.5.1/../../../../arm-none-eabi/lib\libg.a(lib_a-readr.o)
                                0x4df (size before relaxing)
 .debug_str     0x00001813       0x71 c:/arm/yagarto/bin/../lib/gcc/arm-none-eabi/4.5.1/../../../../arm-none-eabi/lib\libg.a(lib_a-reent.o)
                                0x512 (size before relaxing)

.debug_loc      0x00000000     0x50ca
 *(.debug_loc)
 .debug_loc     0x00000000       0x84 ./adc.o
 .debug_loc     0x00000084       0x58 ./cpu_init.o
 .debug_loc     0x000000dc       0x2c ./low_level_init.o
 .debug_loc     0x00000108       0x84 ./ma2000main.o
 .debug_loc     0x0000018c       0xb0 ./pwm.o
 .debug_loc     0x0000023c       0xb0 ./uart.o
 .debug_loc     0x000002ec       0x97 c:/arm/yagarto/bin/../lib/gcc/arm-none-eabi/4.5.1/../../../../arm-none-eabi/lib\libg.a(lib_a-iprintf.o)
 .debug_loc     0x00000383     0x11e4 c:/arm/yagarto/bin/../lib/gcc/arm-none-eabi/4.5.1/../../../../arm-none-eabi/lib\libg.a(lib_a-vfiprintf.o)
 .debug_loc     0x00001567       0x5c c:/arm/yagarto/bin/../lib/gcc/arm-none-eabi/4.5.1/../../../../arm-none-eabi/lib\libg.a(lib_a-wsetup.o)
 .debug_loc     0x000015c3      0x1dc c:/arm/yagarto/bin/../lib/gcc/arm-none-eabi/4.5.1/../../../../arm-none-eabi/lib\libg.a(lib_a-fflush.o)
 .debug_loc     0x0000179f      0x305 c:/arm/yagarto/bin/../lib/gcc/arm-none-eabi/4.5.1/../../../../arm-none-eabi/lib\libg.a(lib_a-findfp.o)
 .debug_loc     0x00001aa4      0x173 c:/arm/yagarto/bin/../lib/gcc/arm-none-eabi/4.5.1/../../../../arm-none-eabi/lib\libg.a(lib_a-fputwc.o)
 .debug_loc     0x00001c17      0x3b0 c:/arm/yagarto/bin/../lib/gcc/arm-none-eabi/4.5.1/../../../../arm-none-eabi/lib\libg.a(lib_a-freer.o)
 .debug_loc     0x00001fc7      0x512 c:/arm/yagarto/bin/../lib/gcc/arm-none-eabi/4.5.1/../../../../arm-none-eabi/lib\libg.a(lib_a-fvwrite.o)
 .debug_loc     0x000024d9      0x28f c:/arm/yagarto/bin/../lib/gcc/arm-none-eabi/4.5.1/../../../../arm-none-eabi/lib\libg.a(lib_a-fwalk.o)
 .debug_loc     0x00002768       0xb3 c:/arm/yagarto/bin/../lib/gcc/arm-none-eabi/4.5.1/../../../../arm-none-eabi/lib\libg.a(lib_a-locale.o)
 .debug_loc     0x0000281b      0x10d c:/arm/yagarto/bin/../lib/gcc/arm-none-eabi/4.5.1/../../../../arm-none-eabi/lib\libg.a(lib_a-makebuf.o)
 .debug_loc     0x00002928      0x958 c:/arm/yagarto/bin/../lib/gcc/arm-none-eabi/4.5.1/../../../../arm-none-eabi/lib\libg.a(lib_a-mallocr.o)
 .debug_loc     0x00003280      0x13d c:/arm/yagarto/bin/../lib/gcc/arm-none-eabi/4.5.1/../../../../arm-none-eabi/lib\libg.a(lib_a-memchr.o)
 .debug_loc     0x000033bd      0x1bf c:/arm/yagarto/bin/../lib/gcc/arm-none-eabi/4.5.1/../../../../arm-none-eabi/lib\libg.a(lib_a-memcpy.o)
 .debug_loc     0x0000357c      0x25f c:/arm/yagarto/bin/../lib/gcc/arm-none-eabi/4.5.1/../../../../arm-none-eabi/lib\libg.a(lib_a-memmove.o)
 .debug_loc     0x000037db      0x173 c:/arm/yagarto/bin/../lib/gcc/arm-none-eabi/4.5.1/../../../../arm-none-eabi/lib\libg.a(lib_a-memset.o)
 .debug_loc     0x0000394e      0x9c6 c:/arm/yagarto/bin/../lib/gcc/arm-none-eabi/4.5.1/../../../../arm-none-eabi/lib\libg.a(lib_a-reallocr.o)
 .debug_loc     0x00004314       0x51 c:/arm/yagarto/bin/../lib/gcc/arm-none-eabi/4.5.1/../../../../arm-none-eabi/lib\libg.a(lib_a-sbrkr.o)
 .debug_loc     0x00004365      0x24c c:/arm/yagarto/bin/../lib/gcc/arm-none-eabi/4.5.1/../../../../arm-none-eabi/lib\libg.a(lib_a-stdio.o)
 .debug_loc     0x000045b1      0x141 c:/arm/yagarto/bin/../lib/gcc/arm-none-eabi/4.5.1/../../../../arm-none-eabi/lib\libg.a(lib_a-strcmp.o)
 .debug_loc     0x000046f2       0xe8 c:/arm/yagarto/bin/../lib/gcc/arm-none-eabi/4.5.1/../../../../arm-none-eabi/lib\libg.a(lib_a-strlen.o)
 .debug_loc     0x000047da       0xf5 c:/arm/yagarto/bin/../lib/gcc/arm-none-eabi/4.5.1/../../../../arm-none-eabi/lib\libg.a(lib_a-wbuf.o)
 .debug_loc     0x000048cf      0x1a1 c:/arm/yagarto/bin/../lib/gcc/arm-none-eabi/4.5.1/../../../../arm-none-eabi/lib\libg.a(lib_a-wcrtomb.o)
 .debug_loc     0x00004a70       0xe0 c:/arm/yagarto/bin/../lib/gcc/arm-none-eabi/4.5.1/../../../../arm-none-eabi/lib\libg.a(lib_a-wctomb_r.o)
 .debug_loc     0x00004b50       0x98 c:/arm/yagarto/bin/../lib/gcc/arm-none-eabi/4.5.1/../../../../arm-none-eabi/lib\libg.a(lib_a-writer.o)
 .debug_loc     0x00004be8       0x51 c:/arm/yagarto/bin/../lib/gcc/arm-none-eabi/4.5.1/../../../../arm-none-eabi/lib\libg.a(lib_a-closer.o)
 .debug_loc     0x00004c39       0xae c:/arm/yagarto/bin/../lib/gcc/arm-none-eabi/4.5.1/../../../../arm-none-eabi/lib\libg.a(lib_a-fclose.o)
 .debug_loc     0x00004ce7       0x6f c:/arm/yagarto/bin/../lib/gcc/arm-none-eabi/4.5.1/../../../../arm-none-eabi/lib\libg.a(lib_a-fstatr.o)
 .debug_loc     0x00004d56       0x51 c:/arm/yagarto/bin/../lib/gcc/arm-none-eabi/4.5.1/../../../../arm-none-eabi/lib\libg.a(lib_a-isattyr.o)
 .debug_loc     0x00004da7       0x98 c:/arm/yagarto/bin/../lib/gcc/arm-none-eabi/4.5.1/../../../../arm-none-eabi/lib\libg.a(lib_a-lseekr.o)
 .debug_loc     0x00004e3f       0x98 c:/arm/yagarto/bin/../lib/gcc/arm-none-eabi/4.5.1/../../../../arm-none-eabi/lib\libg.a(lib_a-readr.o)
 .debug_loc     0x00004ed7      0x1f3 c:/arm/yagarto/bin/../lib/gcc/arm-none-eabi/4.5.1/../../../../arm-none-eabi/lib\libg.a(lib_a-reent.o)

.debug_macinfo  0x00000000    0x20ef8
 *(.debug_macinfo)
 .debug_macinfo
                0x00000000     0x6699 ./adc.o
 .debug_macinfo
                0x00006699     0x5e2d ./cpu_init.o
 .debug_macinfo
                0x0000c4c6     0x1e6f ./low_level_init.o
 .debug_macinfo
                0x0000e335     0x679b ./ma2000main.o
 .debug_macinfo
                0x00014ad0     0x5dd3 ./pwm.o
 .debug_macinfo
                0x0001a8a3     0x6655 ./uart.o

.debug_weaknames
 *(.debug_weaknames)

.debug_funcnames
 *(.debug_funcnames)

.debug_typenames
 *(.debug_typenames)

.debug_varnames
 *(.debug_varnames)

.note.gnu.arm.ident
 *(.note.gnu.arm.ident)

.ARM.attributes
                0x00000000       0x2e
 *(.ARM.attributes)
 .ARM.attributes
                0x00000000       0x30 ./adc.o
 .ARM.attributes
                0x00000030       0x30 ./cpu_init.o
 .ARM.attributes
                0x00000060       0x30 ./low_level_init.o
 .ARM.attributes
                0x00000090       0x30 ./ma2000main.o
 .ARM.attributes
                0x000000c0       0x30 ./pwm.o
 .ARM.attributes
                0x000000f0       0x20 ./startup.o
 .ARM.attributes
                0x00000110       0x30 ./uart.o
 .ARM.attributes
                0x00000140       0x18 c:/arm/yagarto/bin/../lib/gcc/arm-none-eabi/4.5.1\libgcc.a(_udivsi3.o)
 .ARM.attributes
                0x00000158       0x18 c:/arm/yagarto/bin/../lib/gcc/arm-none-eabi/4.5.1\libgcc.a(_divsi3.o)
 .ARM.attributes
                0x00000170       0x16 c:/arm/yagarto/bin/../lib/gcc/arm-none-eabi/4.5.1\libgcc.a(_dvmd_tls.o)
 .ARM.attributes
                0x00000186       0x30 c:/arm/yagarto/bin/../lib/gcc/arm-none-eabi/4.5.1/../../../../arm-none-eabi/lib\libg.a(lib_a-iprintf.o)
 .ARM.attributes
                0x000001b6       0x30 c:/arm/yagarto/bin/../lib/gcc/arm-none-eabi/4.5.1/../../../../arm-none-eabi/lib\libg.a(lib_a-vfiprintf.o)
 .ARM.attributes
                0x000001e6       0x30 c:/arm/yagarto/bin/../lib/gcc/arm-none-eabi/4.5.1/../../../../arm-none-eabi/lib\libg.a(lib_a-wsetup.o)
 .ARM.attributes
                0x00000216       0x30 c:/arm/yagarto/bin/../lib/gcc/arm-none-eabi/4.5.1/../../../../arm-none-eabi/lib\libg.a(lib_a-fflush.o)
 .ARM.attributes
                0x00000246       0x30 c:/arm/yagarto/bin/../lib/gcc/arm-none-eabi/4.5.1/../../../../arm-none-eabi/lib\libg.a(lib_a-findfp.o)
 .ARM.attributes
                0x00000276       0x30 c:/arm/yagarto/bin/../lib/gcc/arm-none-eabi/4.5.1/../../../../arm-none-eabi/lib\libg.a(lib_a-fputwc.o)
 .ARM.attributes
                0x000002a6       0x30 c:/arm/yagarto/bin/../lib/gcc/arm-none-eabi/4.5.1/../../../../arm-none-eabi/lib\libg.a(lib_a-freer.o)
 .ARM.attributes
                0x000002d6       0x30 c:/arm/yagarto/bin/../lib/gcc/arm-none-eabi/4.5.1/../../../../arm-none-eabi/lib\libg.a(lib_a-fvwrite.o)
 .ARM.attributes
                0x00000306       0x30 c:/arm/yagarto/bin/../lib/gcc/arm-none-eabi/4.5.1/../../../../arm-none-eabi/lib\libg.a(lib_a-fwalk.o)
 .ARM.attributes
                0x00000336       0x30 c:/arm/yagarto/bin/../lib/gcc/arm-none-eabi/4.5.1/../../../../arm-none-eabi/lib\libg.a(lib_a-impure.o)
 .ARM.attributes
                0x00000366       0x30 c:/arm/yagarto/bin/../lib/gcc/arm-none-eabi/4.5.1/../../../../arm-none-eabi/lib\libg.a(lib_a-locale.o)
 .ARM.attributes
                0x00000396       0x30 c:/arm/yagarto/bin/../lib/gcc/arm-none-eabi/4.5.1/../../../../arm-none-eabi/lib\libg.a(lib_a-makebuf.o)
 .ARM.attributes
                0x000003c6       0x30 c:/arm/yagarto/bin/../lib/gcc/arm-none-eabi/4.5.1/../../../../arm-none-eabi/lib\libg.a(lib_a-mallocr.o)
 .ARM.attributes
                0x000003f6       0x30 c:/arm/yagarto/bin/../lib/gcc/arm-none-eabi/4.5.1/../../../../arm-none-eabi/lib\libg.a(lib_a-memchr.o)
 .ARM.attributes
                0x00000426       0x30 c:/arm/yagarto/bin/../lib/gcc/arm-none-eabi/4.5.1/../../../../arm-none-eabi/lib\libg.a(lib_a-memcpy.o)
 .ARM.attributes
                0x00000456       0x30 c:/arm/yagarto/bin/../lib/gcc/arm-none-eabi/4.5.1/../../../../arm-none-eabi/lib\libg.a(lib_a-memmove.o)
 .ARM.attributes
                0x00000486       0x30 c:/arm/yagarto/bin/../lib/gcc/arm-none-eabi/4.5.1/../../../../arm-none-eabi/lib\libg.a(lib_a-memset.o)
 .ARM.attributes
                0x000004b6       0x30 c:/arm/yagarto/bin/../lib/gcc/arm-none-eabi/4.5.1/../../../../arm-none-eabi/lib\libg.a(lib_a-mlock.o)
 .ARM.attributes
                0x000004e6       0x30 c:/arm/yagarto/bin/../lib/gcc/arm-none-eabi/4.5.1/../../../../arm-none-eabi/lib\libg.a(lib_a-reallocr.o)
 .ARM.attributes
                0x00000516       0x30 c:/arm/yagarto/bin/../lib/gcc/arm-none-eabi/4.5.1/../../../../arm-none-eabi/lib\libg.a(lib_a-sbrkr.o)
 .ARM.attributes
                0x00000546       0x30 c:/arm/yagarto/bin/../lib/gcc/arm-none-eabi/4.5.1/../../../../arm-none-eabi/lib\libg.a(lib_a-stdio.o)
 .ARM.attributes
                0x00000576       0x30 c:/arm/yagarto/bin/../lib/gcc/arm-none-eabi/4.5.1/../../../../arm-none-eabi/lib\libg.a(lib_a-strcmp.o)
 .ARM.attributes
                0x000005a6       0x30 c:/arm/yagarto/bin/../lib/gcc/arm-none-eabi/4.5.1/../../../../arm-none-eabi/lib\libg.a(lib_a-strlen.o)
 .ARM.attributes
                0x000005d6       0x30 c:/arm/yagarto/bin/../lib/gcc/arm-none-eabi/4.5.1/../../../../arm-none-eabi/lib\libg.a(lib_a-wbuf.o)
 .ARM.attributes
                0x00000606       0x30 c:/arm/yagarto/bin/../lib/gcc/arm-none-eabi/4.5.1/../../../../arm-none-eabi/lib\libg.a(lib_a-wcrtomb.o)
 .ARM.attributes
                0x00000636       0x30 c:/arm/yagarto/bin/../lib/gcc/arm-none-eabi/4.5.1/../../../../arm-none-eabi/lib\libg.a(lib_a-wctomb_r.o)
 .ARM.attributes
                0x00000666       0x30 c:/arm/yagarto/bin/../lib/gcc/arm-none-eabi/4.5.1/../../../../arm-none-eabi/lib\libg.a(lib_a-writer.o)
 .ARM.attributes
                0x00000696       0x30 c:/arm/yagarto/bin/../lib/gcc/arm-none-eabi/4.5.1/../../../../arm-none-eabi/lib\libg.a(lib_a-closer.o)
 .ARM.attributes
                0x000006c6       0x30 c:/arm/yagarto/bin/../lib/gcc/arm-none-eabi/4.5.1/../../../../arm-none-eabi/lib\libg.a(lib_a-fclose.o)
 .ARM.attributes
                0x000006f6       0x30 c:/arm/yagarto/bin/../lib/gcc/arm-none-eabi/4.5.1/../../../../arm-none-eabi/lib\libg.a(lib_a-fstatr.o)
 .ARM.attributes
                0x00000726       0x30 c:/arm/yagarto/bin/../lib/gcc/arm-none-eabi/4.5.1/../../../../arm-none-eabi/lib\libg.a(lib_a-isattyr.o)
 .ARM.attributes
                0x00000756       0x30 c:/arm/yagarto/bin/../lib/gcc/arm-none-eabi/4.5.1/../../../../arm-none-eabi/lib\libg.a(lib_a-lseekr.o)
 .ARM.attributes
                0x00000786       0x30 c:/arm/yagarto/bin/../lib/gcc/arm-none-eabi/4.5.1/../../../../arm-none-eabi/lib\libg.a(lib_a-readr.o)
 .ARM.attributes
                0x000007b6       0x30 c:/arm/yagarto/bin/../lib/gcc/arm-none-eabi/4.5.1/../../../../arm-none-eabi/lib\libg.a(lib_a-reent.o)

/DISCARD/
 *(.note.GNU-stack)
OUTPUT(MA2000_ADC_PWM.elf elf32-littlearm)

.debug_pubtypes
                0x00000000     0x1d30
 .debug_pubtypes
                0x00000000       0x2b ./adc.o
 .debug_pubtypes
                0x0000002b       0x2b ./low_level_init.o
 .debug_pubtypes
                0x00000056       0x12 ./ma2000main.o
 .debug_pubtypes
                0x00000068       0x2b ./uart.o
 .debug_pubtypes
                0x00000093      0x10a c:/arm/yagarto/bin/../lib/gcc/arm-none-eabi/4.5.1/../../../../arm-none-eabi/lib\libg.a(lib_a-iprintf.o)
 .debug_pubtypes
                0x0000019d      0x165 c:/arm/yagarto/bin/../lib/gcc/arm-none-eabi/4.5.1/../../../../arm-none-eabi/lib\libg.a(lib_a-vfiprintf.o)
 .debug_pubtypes
                0x00000302       0xe6 c:/arm/yagarto/bin/../lib/gcc/arm-none-eabi/4.5.1/../../../../arm-none-eabi/lib\libg.a(lib_a-wsetup.o)
 .debug_pubtypes
                0x000003e8       0xe6 c:/arm/yagarto/bin/../lib/gcc/arm-none-eabi/4.5.1/../../../../arm-none-eabi/lib\libg.a(lib_a-fflush.o)
 .debug_pubtypes
                0x000004ce       0xe6 c:/arm/yagarto/bin/../lib/gcc/arm-none-eabi/4.5.1/../../../../arm-none-eabi/lib\libg.a(lib_a-findfp.o)
 .debug_pubtypes
                0x000005b4       0xfd c:/arm/yagarto/bin/../lib/gcc/arm-none-eabi/4.5.1/../../../../arm-none-eabi/lib\libg.a(lib_a-fputwc.o)
 .debug_pubtypes
                0x000006b1      0x120 c:/arm/yagarto/bin/../lib/gcc/arm-none-eabi/4.5.1/../../../../arm-none-eabi/lib\libg.a(lib_a-freer.o)
 .debug_pubtypes
                0x000007d1      0x107 c:/arm/yagarto/bin/../lib/gcc/arm-none-eabi/4.5.1/../../../../arm-none-eabi/lib\libg.a(lib_a-fvwrite.o)
 .debug_pubtypes
                0x000008d8       0xe6 c:/arm/yagarto/bin/../lib/gcc/arm-none-eabi/4.5.1/../../../../arm-none-eabi/lib\libg.a(lib_a-fwalk.o)
 .debug_pubtypes
                0x000009be       0xdd c:/arm/yagarto/bin/../lib/gcc/arm-none-eabi/4.5.1/../../../../arm-none-eabi/lib\libg.a(lib_a-impure.o)
 .debug_pubtypes
                0x00000a9b       0xe7 c:/arm/yagarto/bin/../lib/gcc/arm-none-eabi/4.5.1/../../../../arm-none-eabi/lib\libg.a(lib_a-locale.o)
 .debug_pubtypes
                0x00000b82      0x17d c:/arm/yagarto/bin/../lib/gcc/arm-none-eabi/4.5.1/../../../../arm-none-eabi/lib\libg.a(lib_a-makebuf.o)
 .debug_pubtypes
                0x00000cff      0x120 c:/arm/yagarto/bin/../lib/gcc/arm-none-eabi/4.5.1/../../../../arm-none-eabi/lib\libg.a(lib_a-mallocr.o)
 .debug_pubtypes
                0x00000e1f       0x1d c:/arm/yagarto/bin/../lib/gcc/arm-none-eabi/4.5.1/../../../../arm-none-eabi/lib\libg.a(lib_a-memchr.o)
 .debug_pubtypes
                0x00000e3c       0x1d c:/arm/yagarto/bin/../lib/gcc/arm-none-eabi/4.5.1/../../../../arm-none-eabi/lib\libg.a(lib_a-memcpy.o)
 .debug_pubtypes
                0x00000e59       0x1d c:/arm/yagarto/bin/../lib/gcc/arm-none-eabi/4.5.1/../../../../arm-none-eabi/lib\libg.a(lib_a-memmove.o)
 .debug_pubtypes
                0x00000e76       0x1d c:/arm/yagarto/bin/../lib/gcc/arm-none-eabi/4.5.1/../../../../arm-none-eabi/lib\libg.a(lib_a-memset.o)
 .debug_pubtypes
                0x00000e93       0xdd c:/arm/yagarto/bin/../lib/gcc/arm-none-eabi/4.5.1/../../../../arm-none-eabi/lib\libg.a(lib_a-mlock.o)
 .debug_pubtypes
                0x00000f70      0x113 c:/arm/yagarto/bin/../lib/gcc/arm-none-eabi/4.5.1/../../../../arm-none-eabi/lib\libg.a(lib_a-reallocr.o)
 .debug_pubtypes
                0x00001083       0xeb c:/arm/yagarto/bin/../lib/gcc/arm-none-eabi/4.5.1/../../../../arm-none-eabi/lib\libg.a(lib_a-sbrkr.o)
 .debug_pubtypes
                0x0000116e       0xf1 c:/arm/yagarto/bin/../lib/gcc/arm-none-eabi/4.5.1/../../../../arm-none-eabi/lib\libg.a(lib_a-stdio.o)
 .debug_pubtypes
                0x0000125f       0x12 c:/arm/yagarto/bin/../lib/gcc/arm-none-eabi/4.5.1/../../../../arm-none-eabi/lib\libg.a(lib_a-strcmp.o)
 .debug_pubtypes
                0x00001271       0x1d c:/arm/yagarto/bin/../lib/gcc/arm-none-eabi/4.5.1/../../../../arm-none-eabi/lib\libg.a(lib_a-strlen.o)
 .debug_pubtypes
                0x0000128e       0xe6 c:/arm/yagarto/bin/../lib/gcc/arm-none-eabi/4.5.1/../../../../arm-none-eabi/lib\libg.a(lib_a-wbuf.o)
 .debug_pubtypes
                0x00001374      0x102 c:/arm/yagarto/bin/../lib/gcc/arm-none-eabi/4.5.1/../../../../arm-none-eabi/lib\libg.a(lib_a-wcrtomb.o)
 .debug_pubtypes
                0x00001476      0x102 c:/arm/yagarto/bin/../lib/gcc/arm-none-eabi/4.5.1/../../../../arm-none-eabi/lib\libg.a(lib_a-wctomb_r.o)
 .debug_pubtypes
                0x00001578       0xf5 c:/arm/yagarto/bin/../lib/gcc/arm-none-eabi/4.5.1/../../../../arm-none-eabi/lib\libg.a(lib_a-writer.o)
 .debug_pubtypes
                0x0000166d       0xdd c:/arm/yagarto/bin/../lib/gcc/arm-none-eabi/4.5.1/../../../../arm-none-eabi/lib\libg.a(lib_a-closer.o)
 .debug_pubtypes
                0x0000174a       0xe6 c:/arm/yagarto/bin/../lib/gcc/arm-none-eabi/4.5.1/../../../../arm-none-eabi/lib\libg.a(lib_a-fclose.o)
 .debug_pubtypes
                0x00001830      0x169 c:/arm/yagarto/bin/../lib/gcc/arm-none-eabi/4.5.1/../../../../arm-none-eabi/lib\libg.a(lib_a-fstatr.o)
 .debug_pubtypes
                0x00001999       0xdd c:/arm/yagarto/bin/../lib/gcc/arm-none-eabi/4.5.1/../../../../arm-none-eabi/lib\libg.a(lib_a-isattyr.o)
 .debug_pubtypes
                0x00001a76       0xe8 c:/arm/yagarto/bin/../lib/gcc/arm-none-eabi/4.5.1/../../../../arm-none-eabi/lib\libg.a(lib_a-lseekr.o)
 .debug_pubtypes
                0x00001b5e       0xf5 c:/arm/yagarto/bin/../lib/gcc/arm-none-eabi/4.5.1/../../../../arm-none-eabi/lib\libg.a(lib_a-readr.o)
 .debug_pubtypes
                0x00001c53       0xdd c:/arm/yagarto/bin/../lib/gcc/arm-none-eabi/4.5.1/../../../../arm-none-eabi/lib\libg.a(lib_a-reent.o)

.debug_ranges   0x00000000      0x1f8
 .debug_ranges  0x00000000       0x30 c:/arm/yagarto/bin/../lib/gcc/arm-none-eabi/4.5.1/../../../../arm-none-eabi/lib\libg.a(lib_a-vfiprintf.o)
 .debug_ranges  0x00000030       0x38 c:/arm/yagarto/bin/../lib/gcc/arm-none-eabi/4.5.1/../../../../arm-none-eabi/lib\libg.a(lib_a-fflush.o)
 .debug_ranges  0x00000068       0x50 c:/arm/yagarto/bin/../lib/gcc/arm-none-eabi/4.5.1/../../../../arm-none-eabi/lib\libg.a(lib_a-findfp.o)
 .debug_ranges  0x000000b8       0x50 c:/arm/yagarto/bin/../lib/gcc/arm-none-eabi/4.5.1/../../../../arm-none-eabi/lib\libg.a(lib_a-fputwc.o)