Archive member included because of file (symbol)

c:/program files (x86)/codesourcery/sourcery g++ lite/bin/../lib/gcc/arm-none-eabi/4.5.2\libgcc.a(_udivsi3.o)
                              ./iprintf.o (__aeabi_uidiv)
c:/program files (x86)/codesourcery/sourcery g++ lite/bin/../lib/gcc/arm-none-eabi/4.5.2\libgcc.a(_divsi3.o)
                              ./uart.o (__aeabi_idiv)
c:/program files (x86)/codesourcery/sourcery g++ lite/bin/../lib/gcc/arm-none-eabi/4.5.2\libgcc.a(_dvmd_tls.o)
                              c:/program files (x86)/codesourcery/sourcery g++ lite/bin/../lib/gcc/arm-none-eabi/4.5.2\libgcc.a(_udivsi3.o) (__aeabi_idiv0)

Memory Configuration

Name             Origin             Length             Attributes
flash            0x00000000         0x00080000
ram_isp_low      0x40000120         0x000000df         a
ram              0x40000200         0x00007f01
ram_isp_high     0x40007fe0         0x00000020         a
ram_usb_dma      0x7fd00000         0x00002000
*default*        0x00000000         0xffffffff

Linker script and memory map

LOAD ./crt.o
LOAD ./delay.o
LOAD ./iprintf.o
LOAD ./lcd.o
LOAD ./main_custom.o
LOAD ./startup.o
LOAD ./uart.o
LOAD ./usbcontrol.o
LOAD ./usbhw_lpc.o
LOAD ./usbinit.o
LOAD ./usbstdreq.o
START GROUP
LOAD c:/program files (x86)/codesourcery/sourcery g++ lite/bin/../lib/gcc/arm-none-eabi/4.5.2\libgcc.a
LOAD c:/program files (x86)/codesourcery/sourcery g++ lite/bin/../lib/gcc/arm-none-eabi/4.5.2/../../../../arm-none-eabi/lib\libc.a
END GROUP
                0x40007edc                _stack_end = 0x40007edc
                0x00000000                . = 0x0

startup
 *(.startup)

.text           0x00000000     0x33c8
 *(.text)
 .text          0x00000000       0xd8 ./crt.o
                0x00000000                _startup
                0x00000040                Reset_Handler
 .text          0x000000d8       0xd8 ./delay.o
                0x000000d8                delay_ms
                0x00000148                delay_us
 .text          0x000001b0      0x720 ./iprintf.o
                0x00000848                iprintf
                0x00000888                isprintf
 .text          0x000008d0      0x340 ./lcd.o
                0x000008d0                lcd_line1
                0x000008ec                lcd_string
                0x00000938                lcd_line2
                0x00000954                lcd_cmd
                0x000009bc                lcd_char
                0x00000a24                lcd_nybble
                0x00000ac4                Inicializar_LCD
 .text          0x00000c10      0x2a4 ./main_custom.o
                0x00000da8                main
 .text          0x00000eb4       0xf4 ./startup.o
                0x00000eb4                IRQ_Routine
                0x00000ec0                FIQ_Routine
                0x00000ec8                SWI_Routine
                0x00000ed4                UNDEF_Routine
                0x00000f10                Initialize
 .text          0x00000fa8      0x258 ./uart.o
                0x00000fa8                vUART_ISR_Wrapper
                0x00000fb8                UART_Init
                0x0000107c                UART_SendBuffer
                0x00001110                UART_putc
                0x0000115c                UART_ReceiveBuffer
 .text          0x00001200      0x568 ./usbcontrol.o
                0x000013b0                USBHandleControlTransfer
                0x000016b0                USBRegisterRequestHandler
 .text          0x00001768      0xbb8 ./usbhw_lpc.o
                0x00001984                USBHwEPConfig
                0x000019e8                USBHwRegisterEPIntHandler
                0x00001adc                USBHwRegisterDevIntHandler
                0x00001b2c                USBHwRegisterFrameHandler
                0x00001b7c                USBHwSetAddress
                0x00001bb8                USBHwConnect
                0x00001bf8                USBHwNakIntEnable
                0x00001c30                USBHwEPGetStatus
                0x00001c88                USBHwEPStall
                0x00001d04                USBHwEPWrite
                0x00001e0c                USBHwEPRead
                0x00001f74                USBHwConfigDevice
                0x00001fb4                USBHwISR
                0x000021d4                USBHwInit
 .text          0x00002320       0xb4 ./usbinit.o
                0x0000235c                USBInit
 .text          0x000023d4      0x8b8 ./usbstdreq.o
                0x000023d4                USBRegisterDescriptors
                0x00002400                USBGetDescriptor
                0x00002b84                USBHandleStandardRequest
                0x00002c60                USBRegisterCustomReqHandler
 .text          0x00002c8c      0x114 c:/program files (x86)/codesourcery/sourcery g++ lite/bin/../lib/gcc/arm-none-eabi/4.5.2\libgcc.a(_udivsi3.o)
                0x00002c8c                __aeabi_uidiv
                0x00002c8c                __udivsi3
                0x00002d80                __aeabi_uidivmod
 .text          0x00002da0      0x148 c:/program files (x86)/codesourcery/sourcery g++ lite/bin/../lib/gcc/arm-none-eabi/4.5.2\libgcc.a(_divsi3.o)
                0x00002da0                __divsi3
                0x00002da0                __aeabi_idiv
                0x00002ec8                __aeabi_idivmod
 .text          0x00002ee8        0x4 c:/program files (x86)/codesourcery/sourcery g++ lite/bin/../lib/gcc/arm-none-eabi/4.5.2\libgcc.a(_dvmd_tls.o)
                0x00002ee8                __aeabi_idiv0
                0x00002ee8                __aeabi_ldiv0
 *(.rodata)
 .rodata        0x00002eec        0x8 ./iprintf.o
 .rodata        0x00002ef4      0x114 ./main_custom.o
 .rodata        0x00003008      0x15c ./usbcontrol.o
 .rodata        0x00003164       0xd4 ./usbhw_lpc.o
 .rodata        0x00003238        0x8 ./usbinit.o
 .rodata        0x00003240      0x188 ./usbstdreq.o
 *(.rodata*)
 *(.glue_7)
 .glue_7        0x00000000        0x0 linker stubs
 *(.glue_7t)
 .glue_7t       0x00000000        0x0 linker stubs
                0x000033c8                _etext = .

.vfp11_veneer   0x000033c8        0x0
 .vfp11_veneer  0x00000000        0x0 linker stubs

.v4_bx          0x000033c8        0x0
 .v4_bx         0x00000000        0x0 linker stubs

.data           0x40000200        0x8 load address 0x000033c8
                0x40000200                _data = .
 *(.data)
 .data          0x40000200        0x0 ./crt.o
 .data          0x40000200        0x0 ./delay.o
 .data          0x40000200        0x0 ./iprintf.o
 .data          0x40000200        0x0 ./lcd.o
 .data          0x40000200        0x8 ./main_custom.o
                0x40000200                str
 .data          0x40000208        0x0 ./startup.o
 .data          0x40000208        0x0 ./uart.o
 .data          0x40000208        0x0 ./usbcontrol.o
 .data          0x40000208        0x0 ./usbhw_lpc.o
 .data          0x40000208        0x0 ./usbinit.o
 .data          0x40000208        0x0 ./usbstdreq.o
 .data          0x40000208        0x0 c:/program files (x86)/codesourcery/sourcery g++ lite/bin/../lib/gcc/arm-none-eabi/4.5.2\libgcc.a(_udivsi3.o)
 .data          0x40000208        0x0 c:/program files (x86)/codesourcery/sourcery g++ lite/bin/../lib/gcc/arm-none-eabi/4.5.2\libgcc.a(_divsi3.o)
 .data          0x40000208        0x0 c:/program files (x86)/codesourcery/sourcery g++ lite/bin/../lib/gcc/arm-none-eabi/4.5.2\libgcc.a(_dvmd_tls.o)
                0x40000208                _edata = .

.bss            0x40000208       0xd4 load address 0x000033d0
                0x40000208                _bss_start = .
 *(.bss)
 .bss           0x40000208        0x0 ./crt.o
 .bss           0x40000208        0x0 ./delay.o
 .bss           0x40000208        0x0 ./iprintf.o
 .bss           0x40000208        0x0 ./lcd.o
 .bss           0x40000208       0x44 ./main_custom.o
                0x40000218                buff
 .bss           0x4000024c        0x0 ./startup.o
 .bss           0x4000024c        0x0 ./uart.o
 .bss           0x4000024c       0x34 ./usbcontrol.o
 .bss           0x40000280       0x48 ./usbhw_lpc.o
 .bss           0x400002c8        0x8 ./usbinit.o
 .bss           0x400002d0        0xc ./usbstdreq.o
 .bss           0x400002dc        0x0 c:/program files (x86)/codesourcery/sourcery g++ lite/bin/../lib/gcc/arm-none-eabi/4.5.2\libgcc.a(_udivsi3.o)
 .bss           0x400002dc        0x0 c:/program files (x86)/codesourcery/sourcery g++ lite/bin/../lib/gcc/arm-none-eabi/4.5.2\libgcc.a(_divsi3.o)
 .bss           0x400002dc        0x0 c:/program files (x86)/codesourcery/sourcery g++ lite/bin/../lib/gcc/arm-none-eabi/4.5.2\libgcc.a(_dvmd_tls.o)
                0x400002dc                . = ALIGN (0x4)
                0x400002dc                _bss_end = .
                0x400002dc                _end = .
OUTPUT(LPC214x_USB.elf elf32-littlearm)

.ARM.attributes
                0x00000000       0x30
 .ARM.attributes
                0x00000000       0x24 ./crt.o
 .ARM.attributes
                0x00000024       0x34 ./delay.o
 .ARM.attributes
                0x00000058       0x34 ./iprintf.o
 .ARM.attributes
                0x0000008c       0x34 ./lcd.o
 .ARM.attributes
                0x000000c0       0x34 ./main_custom.o
 .ARM.attributes
                0x000000f4       0x34 ./startup.o
 .ARM.attributes
                0x00000128       0x34 ./uart.o
 .ARM.attributes
                0x0000015c       0x34 ./usbcontrol.o
 .ARM.attributes
                0x00000190       0x34 ./usbhw_lpc.o
 .ARM.attributes
                0x000001c4       0x34 ./usbinit.o
 .ARM.attributes
                0x000001f8       0x34 ./usbstdreq.o
 .ARM.attributes
                0x0000022c       0x1a c:/program files (x86)/codesourcery/sourcery g++ lite/bin/../lib/gcc/arm-none-eabi/4.5.2\libgcc.a(_udivsi3.o)
 .ARM.attributes
                0x00000246       0x1a c:/program files (x86)/codesourcery/sourcery g++ lite/bin/../lib/gcc/arm-none-eabi/4.5.2\libgcc.a(_divsi3.o)
 .ARM.attributes
                0x00000260       0x18 c:/program files (x86)/codesourcery/sourcery g++ lite/bin/../lib/gcc/arm-none-eabi/4.5.2\libgcc.a(_dvmd_tls.o)

.comment        0x00000000       0x2a
 .comment       0x00000000       0x2a ./delay.o
                                 0x2b (size before relaxing)
 .comment       0x00000000       0x2b ./iprintf.o
 .comment       0x00000000       0x2b ./lcd.o
 .comment       0x00000000       0x2b ./main_custom.o
 .comment       0x00000000       0x2b ./startup.o
 .comment       0x00000000       0x2b ./uart.o
 .comment       0x00000000       0x2b ./usbcontrol.o
 .comment       0x00000000       0x2b ./usbhw_lpc.o
 .comment       0x00000000       0x2b ./usbinit.o
 .comment       0x00000000       0x2b ./usbstdreq.o

.debug_line     0x00000000      0xe82
 .debug_line    0x00000000       0x62 ./crt.o
 .debug_line    0x00000062       0x69 ./delay.o
 .debug_line    0x000000cb      0x285 ./iprintf.o
 .debug_line    0x00000350       0xa8 ./lcd.o
 .debug_line    0x000003f8      0x39e ./main_custom.o
 .debug_line    0x00000796       0x7e ./startup.o
 .debug_line    0x00000814      0x181 ./uart.o
 .debug_line    0x00000995      0x12d ./usbcontrol.o
 .debug_line    0x00000ac2      0x1c2 ./usbhw_lpc.o
 .debug_line    0x00000c84       0x9a ./usbinit.o
 .debug_line    0x00000d1e      0x164 ./usbstdreq.o

.debug_info     0x00000000     0x194b
 .debug_info    0x00000000       0x5a ./crt.o
 .debug_info    0x0000005a       0xa9 ./delay.o
 .debug_info    0x00000103      0x382 ./iprintf.o
 .debug_info    0x00000485      0x16f ./lcd.o
 .debug_info    0x000005f4      0x2e4 ./main_custom.o
 .debug_info    0x000008d8       0xa7 ./startup.o
 .debug_info    0x0000097f      0x1b6 ./uart.o
 .debug_info    0x00000b35      0x33a ./usbcontrol.o
 .debug_info    0x00000e6f      0x5da ./usbhw_lpc.o
 .debug_info    0x00001449       0xbc ./usbinit.o
 .debug_info    0x00001505      0x446 ./usbstdreq.o

.debug_abbrev   0x00000000      0x967
 .debug_abbrev  0x00000000       0x14 ./crt.o
 .debug_abbrev  0x00000014       0x6b ./delay.o
 .debug_abbrev  0x0000007f      0x131 ./iprintf.o
 .debug_abbrev  0x000001b0       0xb0 ./lcd.o
 .debug_abbrev  0x00000260      0x147 ./main_custom.o
 .debug_abbrev  0x000003a7       0x3e ./startup.o
 .debug_abbrev  0x000003e5       0xbb ./uart.o
 .debug_abbrev  0x000004a0      0x122 ./usbcontrol.o
 .debug_abbrev  0x000005c2      0x187 ./usbhw_lpc.o
 .debug_abbrev  0x00000749       0xa2 ./usbinit.o
 .debug_abbrev  0x000007eb      0x17c ./usbstdreq.o

.debug_aranges  0x00000000      0x160
 .debug_aranges
                0x00000000       0x20 ./crt.o
 .debug_aranges
                0x00000020       0x20 ./delay.o
 .debug_aranges
                0x00000040       0x20 ./iprintf.o
 .debug_aranges
                0x00000060       0x20 ./lcd.o
 .debug_aranges
                0x00000080       0x20 ./main_custom.o
 .debug_aranges
                0x000000a0       0x20 ./startup.o
 .debug_aranges
                0x000000c0       0x20 ./uart.o
 .debug_aranges
                0x000000e0       0x20 ./usbcontrol.o
 .debug_aranges
                0x00000100       0x20 ./usbhw_lpc.o
 .debug_aranges
                0x00000120       0x20 ./usbinit.o
 .debug_aranges
                0x00000140       0x20 ./usbstdreq.o

.debug_macinfo  0x00000000    0x28d23
 .debug_macinfo
                0x00000000     0x20fc ./delay.o
 .debug_macinfo
                0x000020fc     0x2b74 ./iprintf.o
 .debug_macinfo
                0x00004c70     0x693f ./lcd.o
 .debug_macinfo
                0x0000b5af     0x9573 ./main_custom.o
 .debug_macinfo
                0x00014b22     0x2251 ./startup.o
 .debug_macinfo
                0x00016d73     0x71eb ./uart.o
 .debug_macinfo
                0x0001df5e     0x284e ./usbcontrol.o
 .debug_macinfo
                0x000207ac     0x343f ./usbhw_lpc.o
 .debug_macinfo
                0x00023beb     0x2822 ./usbinit.o
 .debug_macinfo
                0x0002640d     0x2916 ./usbstdreq.o

.debug_loc      0x00000000      0xb38
 .debug_loc     0x00000000       0x58 ./delay.o
 .debug_loc     0x00000058      0x120 ./iprintf.o
 .debug_loc     0x00000178      0x160 ./lcd.o
 .debug_loc     0x000002d8       0xb0 ./main_custom.o
 .debug_loc     0x00000388       0xfc ./startup.o
 .debug_loc     0x00000484       0xb0 ./uart.o
 .debug_loc     0x00000534       0xdc ./usbcontrol.o
 .debug_loc     0x00000610      0x370 ./usbhw_lpc.o
 .debug_loc     0x00000980       0x58 ./usbinit.o
 .debug_loc     0x000009d8      0x160 ./usbstdreq.o

.debug_pubnames
                0x00000000      0x3ea
 .debug_pubnames
                0x00000000       0x2c ./delay.o
 .debug_pubnames
                0x0000002c       0x2b ./iprintf.o
 .debug_pubnames
                0x00000057       0x79 ./lcd.o
 .debug_pubnames
                0x000000d0       0x2c ./main_custom.o
 .debug_pubnames
                0x000000fc       0x63 ./startup.o
 .debug_pubnames
                0x0000015f       0x6f ./uart.o
 .debug_pubnames
                0x000001ce       0x4d ./usbcontrol.o
 .debug_pubnames
                0x0000021b      0x132 ./usbhw_lpc.o
 .debug_pubnames
                0x0000034d       0x1e ./usbinit.o
 .debug_pubnames
                0x0000036b       0x7f ./usbstdreq.o

.debug_str      0x00000000      0x7f9
 .debug_str     0x00000000       0x51 ./delay.o
 .debug_str     0x00000051       0xd6 ./iprintf.o
                                0x152 (size before relaxing)
 .debug_str     0x00000127       0x72 ./lcd.o
                                 0xb9 (size before relaxing)
 .debug_str     0x00000199       0xd5 ./main_custom.o
                                0x1b2 (size before relaxing)
 .debug_str     0x0000026e       0x4f ./startup.o
                                 0x83 (size before relaxing)
 .debug_str     0x000002bd       0x89 ./uart.o
                                0x14d (size before relaxing)
 .debug_str     0x00000346       0xce ./usbcontrol.o
                                0x1a7 (size before relaxing)
 .debug_str     0x00000414      0x246 ./usbhw_lpc.o
                                0x2dd (size before relaxing)
 .debug_str     0x0000065a       0x3c ./usbinit.o
                                 0xa3 (size before relaxing)
 .debug_str     0x00000696      0x163 ./usbstdreq.o
                                0x24e (size before relaxing)

.debug_frame    0x00000000      0x910
 .debug_frame   0x00000000       0x48 ./delay.o
 .debug_frame   0x00000048      0x10c ./iprintf.o
 .debug_frame   0x00000154      0x110 ./lcd.o
 .debug_frame   0x00000264       0x90 ./main_custom.o
 .debug_frame   0x000002f4       0xb4 ./startup.o
 .debug_frame   0x000003a8       0x94 ./uart.o
 .debug_frame   0x0000043c       0xb0 ./usbcontrol.o
 .debug_frame   0x000004ec      0x28c ./usbhw_lpc.o
 .debug_frame   0x00000778       0x50 ./usbinit.o
 .debug_frame   0x000007c8      0x108 ./usbstdreq.o
 .debug_frame   0x000008d0       0x20 c:/program files (x86)/codesourcery/sourcery g++ lite/bin/../lib/gcc/arm-none-eabi/4.5.2\libgcc.a(_udivsi3.o)
 .debug_frame   0x000008f0       0x20 c:/program files (x86)/codesourcery/sourcery g++ lite/bin/../lib/gcc/arm-none-eabi/4.5.2\libgcc.a(_divsi3.o)

.debug_pubtypes
                0x00000000      0x1ed
 .debug_pubtypes
                0x00000000       0x3f ./iprintf.o
 .debug_pubtypes
                0x0000003f       0x52 ./main_custom.o
 .debug_pubtypes
                0x00000091       0x2b ./uart.o
 .debug_pubtypes
                0x000000bc       0x50 ./usbcontrol.o
 .debug_pubtypes
                0x0000010c       0x6f ./usbhw_lpc.o
 .debug_pubtypes
                0x0000017b       0x22 ./usbinit.o
 .debug_pubtypes
                0x0000019d       0x50 ./usbstdreq.o
