
**** Build of configuration Debug for project MA2000_Firmware_v_0_22 ****

make all 
Building file: ../main.c
Invoking: ARM Yagarto Windows GCC C Compiler
arm-none-eabi-gcc -I"C:\Dropbox\ARM\PROGRAMAS\LPC2148\MA2000_Firmware_v_0_22" -O0 -Wall -std=gnu99 -Wa,-adhlns="main.o.lst" -c -fmessage-length=0 -MMD -MP -MF"main.d" -MT"main.d" -mcpu=arm7tdmi -g3 -gdwarf-2 -o"main.o" "../main.c"
Finished building: ../main.c
 
Building target: MA2000_Firmware_v_0_22.elf
Invoking: ARM Yagarto Windows GCC C Linker
arm-none-eabi-gcc -T"../lpc2148_rom.ld" -nostartfiles -Wl,-Map,MA2000_Firmware_v_0_22.map -mcpu=arm7tdmi -g3 -gdwarf-2 -o"MA2000_Firmware_v_0_22.elf"  ./cpu_init.o ./low_level_init.o ./main.o ./startup.o  ./Modules/adc.o ./Modules/gpio.o ./Modules/iprintf.o ./Modules/pwm.o ./Modules/timer.o ./Modules/uart.o  ./MA2000/functions.o ./MA2000/robot.o   
Finished building target: MA2000_Firmware_v_0_22.elf
 
Invoking: ARM Yagarto Windows GNU Create Flash Image
arm-none-eabi-objcopy -O ihex MA2000_Firmware_v_0_22.elf "MA2000_Firmware_v_0_22.hex"
Finished building: MA2000_Firmware_v_0_22.hex
 
Invoking: ARM Yagarto Windows GNU Create Listing
arm-none-eabi-objdump -h -S -C MA2000_Firmware_v_0_22.elf >"MA2000_Firmware_v_0_22.lst"
Finished building: MA2000_Firmware_v_0_22.lst
 
Invoking: ARM Yagarto Windows GNU Print Size
arm-none-eabi-size  --format=berkeley -x MA2000_Firmware_v_0_22.elf
   text	   data	    bss	    dec	    hex	filename
 0x2038	    0x0	  0x290	   8904	   22c8	MA2000_Firmware_v_0_22.elf
Finished building: MA2000_Firmware_v_0_22.siz
 
