Archive member included because of file (symbol)

c:/arm/yagarto/bin/../lib/gcc/arm-none-eabi/4.5.1\libgcc.a(_udivsi3.o)
                              ./Modules/adc.o (__aeabi_uidiv)
c:/arm/yagarto/bin/../lib/gcc/arm-none-eabi/4.5.1\libgcc.a(_divsi3.o)
                              ./Modules/uart.o (__aeabi_idiv)
c:/arm/yagarto/bin/../lib/gcc/arm-none-eabi/4.5.1\libgcc.a(_dvmd_tls.o)
                              c:/arm/yagarto/bin/../lib/gcc/arm-none-eabi/4.5.1\libgcc.a(_udivsi3.o) (__aeabi_idiv0)
c:/arm/yagarto/bin/../lib/gcc/arm-none-eabi/4.5.1/../../../../arm-none-eabi/lib\libg.a(lib_a-memcpy.o)
                              ./main.o (memcpy)

Allocating common symbols
Common symbol       size              file

mptrfunc            0x4               ./Modules/timer.o
e                   0xc               ./main.o
ADC0Value           0x20              ./Modules/adc.o
ADC1Value           0x20              ./Modules/adc.o

Memory Configuration

Name             Origin             Length             Attributes
ROM              0x00000000         0x00080000         xr
RAM              0x40000000         0x00010000         xrw
*default*        0x00000000         0xffffffff

Linker script and memory map

LOAD ./low_level_init.o
LOAD ./main.o
LOAD ./startup.o
LOAD ./Modules/adc.o
LOAD ./Modules/cpu_init.o
LOAD ./Modules/gpio.o
LOAD ./Modules/iprintf.o
LOAD ./Modules/pwm.o
LOAD ./Modules/timer.o
LOAD ./Modules/uart.o
START GROUP
LOAD c:/arm/yagarto/bin/../lib/gcc/arm-none-eabi/4.5.1\libgcc.a
LOAD c:/arm/yagarto/bin/../lib/gcc/arm-none-eabi/4.5.1/../../../../arm-none-eabi/lib\libg.a
LOAD c:/arm/yagarto/bin/../lib/gcc/arm-none-eabi/4.5.1/../../../../arm-none-eabi/lib\libc.a
END GROUP
                0x00000200                C_STACK_SIZE = 0x200
                0x00000200                IRQ_STACK_SIZE = 0x200
                0x00000000                FIQ_STACK_SIZE = 0x0
                0x00000000                SVC_STACK_SIZE = 0x0
                0x00000000                ABT_STACK_SIZE = 0x0
                0x00000000                UND_STACK_SIZE = 0x0

.reset          0x00000000      0x190
 *startup.o(.text)
 .text          0x00000000      0x190 ./startup.o
                0x00000000                _start
                0x00000118                ExitFunction
                0x00000128                UndefHandler
                0x0000012c                SWIHandler
                0x00000130                PAbortHandler
                0x00000138                IRQHandler
                0x0000013c                FIQHandler
                0x00000190                . = ALIGN (0x4)

.ramvect        0x40000000       0x40
                0x40000000                __ram_start = .
                0x40000040                . = 0x40
 *fill*         0x40000000       0x40 00

.fastcode       0x40000040        0x0 load address 0x00000190
                0x00000190                __fastcode_load = LOADADDR (.fastcode)
                0x40000040                __fastcode_start = .
 *(.glue_7t)
 .glue_7t       0x00000000        0x0 linker stubs
 *(.glue_7)
 .glue_7        0x00000000        0x0 linker stubs
 *isr.o(.text.*)
 *(.text.fastcode)
 *(.text.Blinky_dispatch)
                0x40000040                . = ALIGN (0x4)
                0x40000040                __fastcode_end = .

.text           0x00000190     0x2448
 CREATE_OBJECT_SYMBOLS
 *(.text .text.* .gnu.linkonce.t.*)
 .text          0x00000190      0x228 ./low_level_init.o
                0x00000190                low_level_init
                0x0000031c                DAbortHandler
 .text          0x000003b8      0x588 ./main.o
                0x000003b8                PWM_InterruptControl
                0x00000408                delay
                0x0000046c                Initialize
                0x0000051c                Modules_Init
                0x00000550                IdleState
                0x0000056c                ReceivingDataState
                0x000007c8                SendingDataState
                0x00000884                Controller
                0x000008cc                main
 .text          0x00000940      0x394 ./Modules/adc.o
                0x00000940                ADC_Init
                0x00000adc                ADC0Read
                0x00000bd8                ADC1Read
 .text          0x00000cd4      0x100 ./Modules/cpu_init.o
                0x00000cd4                cpu_init
                0x00000d98                feed
 .text          0x00000dd4      0x164 ./Modules/gpio.o
                0x00000dd4                GPIO_Init
 .text          0x00000f38      0x720 ./Modules/iprintf.o
                0x000015d0                iprintf
                0x00001610                isprintf
 .text          0x00001658      0x520 ./Modules/pwm.o
                0x00001658                PWM_Init
                0x000017cc                setDutyCycle
                0x00001a28                setDOF1_PWM
                0x00001b30                setDOF1_DutyCycle
 .text          0x00001b78      0x180 ./Modules/timer.o
                0x00001b78                T0isr
                0x00001bdc                Timer_Init
                0x00001c8c                Timer_RegisterCallback
                0x00001cb8                Timer_Enable
 .text          0x00001cf8      0x4fc ./Modules/uart.o
                0x00001cf8                UART_Init
                0x00001e9c                ReadChar_USART0_NonStop
                0x00001f30                UART_SendBuffer
                0x00001fc8                UART_putc
                0x00002018                UART_ReceiveBuffer
                0x000021d0                UART_GetNumberAvailableElements
 .text          0x000021f4      0x114 c:/arm/yagarto/bin/../lib/gcc/arm-none-eabi/4.5.1\libgcc.a(_udivsi3.o)
                0x000021f4                __aeabi_uidiv
                0x000021f4                __udivsi3
                0x000022e8                __aeabi_uidivmod
 .text          0x00002308      0x148 c:/arm/yagarto/bin/../lib/gcc/arm-none-eabi/4.5.1\libgcc.a(_divsi3.o)
                0x00002308                __divsi3
                0x00002308                __aeabi_idiv
                0x00002430                __aeabi_idivmod
 .text          0x00002450        0x4 c:/arm/yagarto/bin/../lib/gcc/arm-none-eabi/4.5.1\libgcc.a(_dvmd_tls.o)
                0x00002450                __aeabi_idiv0
                0x00002450                __aeabi_ldiv0
 .text          0x00002454       0xf8 c:/arm/yagarto/bin/../lib/gcc/arm-none-eabi/4.5.1/../../../../arm-none-eabi/lib\libg.a(lib_a-memcpy.o)
                0x00002454                memcpy
 *(.plt)
 *(.gnu.warning)
 *(.glue_7t)
 *(.glue_7)
                0x0000254c                . = ALIGN (0x4)
 *crtbegin.o(.ctors)
 *(EXCLUDE_FILE(*crtend.o) .ctors)
 *(SORT(.ctors.*))
 *crtend.o(.ctors)
 *crtbegin.o(.dtors)
 *(EXCLUDE_FILE(*crtend.o) .dtors)
 *(SORT(.dtors.*))
 *crtend.o(.dtors)
 *(.rodata .rodata.* .gnu.linkonce.r.*)
 .rodata        0x0000254c       0x84 ./main.o
 .rodata        0x000025d0        0x8 ./Modules/iprintf.o
 *(.ARM.extab* .gnu.linkonce.armextab.*)
 *(.gcc_except_table)
 *(.eh_frame_hdr)
 *(.eh_frame)
 *(.init)
 *(.fini)
                0x000025d8                PROVIDE (__preinit_array_start, .)
 *(.preinit_array)
                0x000025d8                PROVIDE (__preinit_array_end, .)
                0x000025d8                PROVIDE (__init_array_start, .)
 *(SORT(.init_array.*))
 *(.init_array)
                0x000025d8                PROVIDE (__init_array_end, .)
                0x000025d8                PROVIDE (__fini_array_start, .)
 *(.fini_array)
 *(SORT(.fini_array.*))
                0x000025d8                PROVIDE (__fini_array_end, .)

.vfp11_veneer   0x000025d8        0x0
 .vfp11_veneer  0x00000000        0x0 linker stubs

.v4_bx          0x000025d8        0x0
 .v4_bx         0x00000000        0x0 linker stubs

.ARM.exidx      0x000025d8        0x0
                0x000025d8                __exidx_start = .
 *(.ARM.exidx* .gnu.linkonce.armexidx.*)
                0x000025d8                __exidx_end = .
                0x000025d8                _etext = .

.data           0x40000040        0x0 load address 0x000025d8
                0x000025d8                __data_load = LOADADDR (.data)
                0x40000040                __data_start = .
 *(.jcr)
 *(.got.plt)
 *(.got)
 *(.shdata)
 *(.data .data.* .gnu.linkonce.d.*)
 .data          0x40000040        0x0 ./low_level_init.o
 .data          0x40000040        0x0 ./main.o
 .data          0x40000040        0x0 ./startup.o
 .data          0x40000040        0x0 ./Modules/adc.o
 .data          0x40000040        0x0 ./Modules/cpu_init.o
 .data          0x40000040        0x0 ./Modules/gpio.o
 .data          0x40000040        0x0 ./Modules/iprintf.o
 .data          0x40000040        0x0 ./Modules/pwm.o
 .data          0x40000040        0x0 ./Modules/timer.o
 .data          0x40000040        0x0 ./Modules/uart.o
 .data          0x40000040        0x0 c:/arm/yagarto/bin/../lib/gcc/arm-none-eabi/4.5.1\libgcc.a(_udivsi3.o)
 .data          0x40000040        0x0 c:/arm/yagarto/bin/../lib/gcc/arm-none-eabi/4.5.1\libgcc.a(_divsi3.o)
 .data          0x40000040        0x0 c:/arm/yagarto/bin/../lib/gcc/arm-none-eabi/4.5.1\libgcc.a(_dvmd_tls.o)
 .data          0x40000040        0x0 c:/arm/yagarto/bin/../lib/gcc/arm-none-eabi/4.5.1/../../../../arm-none-eabi/lib\libg.a(lib_a-memcpy.o)
                0x40000040                . = ALIGN (0x4)
                0x40000040                _edata = .

.bss            0x40000040     0x10f8 load address 0x000025d8
                0x40000040                __bss_start__ = .
 *(.shbss)
 *(.bss .bss.* .gnu.linkonce.b.*)
 .bss           0x40000040        0x0 ./low_level_init.o
 .bss           0x40000040       0xf0 ./main.o
                0x40000040                size
                0x40000044                data
                0x40000080                buffer
                0x400000e4                adc
                0x400000f0                pos
                0x400000fc                kp
                0x40000108                ki
                0x40000114                kd
                0x40000120                ort
 .bss           0x40000130        0x0 ./startup.o
 .bss           0x40000130        0x8 ./Modules/adc.o
                0x40000130                ADC0IntDone
                0x40000134                ADC1IntDone
 .bss           0x40000138        0x0 ./Modules/cpu_init.o
 .bss           0x40000138        0x0 ./Modules/gpio.o
 .bss           0x40000138        0x0 ./Modules/iprintf.o
 .bss           0x40000138        0x0 ./Modules/pwm.o
 .bss           0x40000138        0x0 ./Modules/timer.o
 .bss           0x40000138      0xfac ./Modules/uart.o
 .bss           0x400010e4        0x0 c:/arm/yagarto/bin/../lib/gcc/arm-none-eabi/4.5.1\libgcc.a(_udivsi3.o)
 .bss           0x400010e4        0x0 c:/arm/yagarto/bin/../lib/gcc/arm-none-eabi/4.5.1\libgcc.a(_divsi3.o)
 .bss           0x400010e4        0x0 c:/arm/yagarto/bin/../lib/gcc/arm-none-eabi/4.5.1\libgcc.a(_dvmd_tls.o)
 .bss           0x400010e4        0x0 c:/arm/yagarto/bin/../lib/gcc/arm-none-eabi/4.5.1/../../../../arm-none-eabi/lib\libg.a(lib_a-memcpy.o)
 *(COMMON)
 COMMON         0x400010e4        0xc ./main.o
                0x400010e4                e
 COMMON         0x400010f0       0x40 ./Modules/adc.o
                0x400010f0                ADC0Value
                0x40001110                ADC1Value
 COMMON         0x40001130        0x4 ./Modules/timer.o
                0x40001130                mptrfunc
                0x40001138                . = ALIGN (0x8)
 *fill*         0x40001134        0x4 00
                0x40001138                __bss_end__ = .

.stack          0x40001138      0x400 load address 0x000025d8
                0x40001138                __stack_start__ = .
                0x40001338                . = (. + IRQ_STACK_SIZE)
 *fill*         0x40001138      0x200 00
                0x40001338                . = ALIGN (0x4)
                0x40001338                __irq_stack_top__ = .
                0x40001338                . = (. + FIQ_STACK_SIZE)
                0x40001338                . = ALIGN (0x4)
                0x40001338                __fiq_stack_top__ = .
                0x40001338                . = (. + SVC_STACK_SIZE)
                0x40001338                . = ALIGN (0x4)
                0x40001338                __svc_stack_top__ = .
                0x40001338                . = (. + ABT_STACK_SIZE)
                0x40001338                . = ALIGN (0x4)
                0x40001338                __abt_stack_top__ = .
                0x40001338                . = (. + UND_STACK_SIZE)
                0x40001338                . = ALIGN (0x4)
                0x40001338                __und_stack_top__ = .
                0x40001538                . = (. + C_STACK_SIZE)
 *fill*         0x40001338      0x200 00
                0x40001538                . = ALIGN (0x4)
                0x40001538                __c_stack_top__ = .
                0x40001538                __stack_end__ = .
                0x40001538                _end = .
                0x40001538                __end = .
                0x40001538                PROVIDE (end, .)

.stab
 *(.stab)

.stabstr
 *(.stabstr)

.debug
 *(.debug)

.line
 *(.line)

.debug_srcinfo
 *(.debug_srcinfo)

.debug_sfnames
 *(.debug_sfnames)

.comment        0x00000000       0x11
 .comment       0x00000000       0x11 ./low_level_init.o
                                 0x12 (size before relaxing)
 .comment       0x00000000       0x12 ./main.o
 .comment       0x00000000       0x12 ./Modules/adc.o
 .comment       0x00000000       0x12 ./Modules/cpu_init.o
 .comment       0x00000000       0x12 ./Modules/gpio.o
 .comment       0x00000000       0x12 ./Modules/iprintf.o
 .comment       0x00000000       0x12 ./Modules/pwm.o
 .comment       0x00000000       0x12 ./Modules/timer.o
 .comment       0x00000000       0x12 ./Modules/uart.o
 .comment       0x00000000       0x12 c:/arm/yagarto/bin/../lib/gcc/arm-none-eabi/4.5.1/../../../../arm-none-eabi/lib\libg.a(lib_a-memcpy.o)

.debug_aranges  0x00000000      0x1c0
 *(.debug_aranges)
 .debug_aranges
                0x00000000       0x20 ./low_level_init.o
 .debug_aranges
                0x00000020       0x20 ./main.o
 .debug_aranges
                0x00000040       0x20 ./startup.o
 .debug_aranges
                0x00000060       0x20 ./Modules/adc.o
 .debug_aranges
                0x00000080       0x20 ./Modules/cpu_init.o
 .debug_aranges
                0x000000a0       0x20 ./Modules/gpio.o
 .debug_aranges
                0x000000c0       0x20 ./Modules/iprintf.o
 .debug_aranges
                0x000000e0       0x20 ./Modules/pwm.o
 .debug_aranges
                0x00000100       0x20 ./Modules/timer.o
 .debug_aranges
                0x00000120       0x20 ./Modules/uart.o
 .debug_aranges
                0x00000140       0x20 c:/arm/yagarto/bin/../lib/gcc/arm-none-eabi/4.5.1\libgcc.a(_udivsi3.o)
 .debug_aranges
                0x00000160       0x20 c:/arm/yagarto/bin/../lib/gcc/arm-none-eabi/4.5.1\libgcc.a(_divsi3.o)
 .debug_aranges
                0x00000180       0x20 c:/arm/yagarto/bin/../lib/gcc/arm-none-eabi/4.5.1\libgcc.a(_dvmd_tls.o)
 .debug_aranges
                0x000001a0       0x20 c:/arm/yagarto/bin/../lib/gcc/arm-none-eabi/4.5.1/../../../../arm-none-eabi/lib\libg.a(lib_a-memcpy.o)

.debug_pubnames
                0x00000000      0x386
 *(.debug_pubnames)
 .debug_pubnames
                0x00000000       0x37 ./low_level_init.o
 .debug_pubnames
                0x00000037       0xf7 ./main.o
 .debug_pubnames
                0x0000012e       0x75 ./Modules/adc.o
 .debug_pubnames
                0x000001a3       0x28 ./Modules/cpu_init.o
 .debug_pubnames
                0x000001cb       0x20 ./Modules/gpio.o
 .debug_pubnames
                0x000001eb       0x2b ./Modules/iprintf.o
 .debug_pubnames
                0x00000216       0x56 ./Modules/pwm.o
 .debug_pubnames
                0x0000026c       0x64 ./Modules/timer.o
 .debug_pubnames
                0x000002d0       0x99 ./Modules/uart.o
 .debug_pubnames
                0x00000369       0x1d c:/arm/yagarto/bin/../lib/gcc/arm-none-eabi/4.5.1/../../../../arm-none-eabi/lib\libg.a(lib_a-memcpy.o)

.debug_info     0x00000000     0x11a1
 *(.debug_info .gnu.linkonce.wi.*)
 .debug_info    0x00000000       0xed ./low_level_init.o
 .debug_info    0x000000ed      0x337 ./main.o
 .debug_info    0x00000424       0x7d ./startup.o
 .debug_info    0x000004a1      0x1a9 ./Modules/adc.o
 .debug_info    0x0000064a       0x54 ./Modules/cpu_init.o
 .debug_info    0x0000069e       0x3e ./Modules/gpio.o
 .debug_info    0x000006dc      0x380 ./Modules/iprintf.o
 .debug_info    0x00000a5c       0xc7 ./Modules/pwm.o
 .debug_info    0x00000b23      0x104 ./Modules/timer.o
 .debug_info    0x00000c27      0x26f ./Modules/uart.o
 .debug_info    0x00000e96       0x9a c:/arm/yagarto/bin/../lib/gcc/arm-none-eabi/4.5.1\libgcc.a(_udivsi3.o)
 .debug_info    0x00000f30       0x9a c:/arm/yagarto/bin/../lib/gcc/arm-none-eabi/4.5.1\libgcc.a(_divsi3.o)
 .debug_info    0x00000fca       0x9a c:/arm/yagarto/bin/../lib/gcc/arm-none-eabi/4.5.1\libgcc.a(_dvmd_tls.o)
 .debug_info    0x00001064      0x13d c:/arm/yagarto/bin/../lib/gcc/arm-none-eabi/4.5.1/../../../../arm-none-eabi/lib\libg.a(lib_a-memcpy.o)

.debug_abbrev   0x00000000      0x702
 *(.debug_abbrev)
 .debug_abbrev  0x00000000       0x8c ./low_level_init.o
 .debug_abbrev  0x0000008c      0x150 ./main.o
 .debug_abbrev  0x000001dc       0x14 ./startup.o
 .debug_abbrev  0x000001f0       0x9a ./Modules/adc.o
 .debug_abbrev  0x0000028a       0x2b ./Modules/cpu_init.o
 .debug_abbrev  0x000002b5       0x29 ./Modules/gpio.o
 .debug_abbrev  0x000002de      0x12d ./Modules/iprintf.o
 .debug_abbrev  0x0000040b       0x6f ./Modules/pwm.o
 .debug_abbrev  0x0000047a       0xac ./Modules/timer.o
 .debug_abbrev  0x00000526       0xf8 ./Modules/uart.o
 .debug_abbrev  0x0000061e       0x14 c:/arm/yagarto/bin/../lib/gcc/arm-none-eabi/4.5.1\libgcc.a(_udivsi3.o)
 .debug_abbrev  0x00000632       0x14 c:/arm/yagarto/bin/../lib/gcc/arm-none-eabi/4.5.1\libgcc.a(_divsi3.o)
 .debug_abbrev  0x00000646       0x14 c:/arm/yagarto/bin/../lib/gcc/arm-none-eabi/4.5.1\libgcc.a(_dvmd_tls.o)
 .debug_abbrev  0x0000065a       0xa8 c:/arm/yagarto/bin/../lib/gcc/arm-none-eabi/4.5.1/../../../../arm-none-eabi/lib\libg.a(lib_a-memcpy.o)

.debug_line     0x00000000     0x1244
 *(.debug_line)
 .debug_line    0x00000000      0x116 ./low_level_init.o
 .debug_line    0x00000116      0x32d ./main.o
 .debug_line    0x00000443       0x8f ./startup.o
 .debug_line    0x000004d2      0x169 ./Modules/adc.o
 .debug_line    0x0000063b       0xbd ./Modules/cpu_init.o
 .debug_line    0x000006f8       0xa9 ./Modules/gpio.o
 .debug_line    0x000007a1      0x258 ./Modules/iprintf.o
 .debug_line    0x000009f9       0xfb ./Modules/pwm.o
 .debug_line    0x00000af4      0x2bd ./Modules/timer.o
 .debug_line    0x00000db1      0x17d ./Modules/uart.o
 .debug_line    0x00000f2e       0x93 c:/arm/yagarto/bin/../lib/gcc/arm-none-eabi/4.5.1\libgcc.a(_udivsi3.o)
 .debug_line    0x00000fc1       0x9f c:/arm/yagarto/bin/../lib/gcc/arm-none-eabi/4.5.1\libgcc.a(_divsi3.o)
 .debug_line    0x00001060       0x6a c:/arm/yagarto/bin/../lib/gcc/arm-none-eabi/4.5.1\libgcc.a(_dvmd_tls.o)
 .debug_line    0x000010ca      0x17a c:/arm/yagarto/bin/../lib/gcc/arm-none-eabi/4.5.1/../../../../arm-none-eabi/lib\libg.a(lib_a-memcpy.o)

.debug_frame    0x00000000      0x5d8
 *(.debug_frame)
 .debug_frame   0x00000000       0x48 ./low_level_init.o
 .debug_frame   0x00000048      0x140 ./main.o
 .debug_frame   0x00000188       0x68 ./Modules/adc.o
 .debug_frame   0x000001f0       0x4c ./Modules/cpu_init.o
 .debug_frame   0x0000023c       0x2c ./Modules/gpio.o
 .debug_frame   0x00000268      0x10c ./Modules/iprintf.o
 .debug_frame   0x00000374       0x84 ./Modules/pwm.o
 .debug_frame   0x000003f8       0x94 ./Modules/timer.o
 .debug_frame   0x0000048c       0xe4 ./Modules/uart.o
 .debug_frame   0x00000570       0x20 c:/arm/yagarto/bin/../lib/gcc/arm-none-eabi/4.5.1\libgcc.a(_udivsi3.o)
 .debug_frame   0x00000590       0x20 c:/arm/yagarto/bin/../lib/gcc/arm-none-eabi/4.5.1\libgcc.a(_divsi3.o)
 .debug_frame   0x000005b0       0x28 c:/arm/yagarto/bin/../lib/gcc/arm-none-eabi/4.5.1/../../../../arm-none-eabi/lib\libg.a(lib_a-memcpy.o)

.debug_str      0x00000000      0x5b2
 *(.debug_str)
 .debug_str     0x00000000      0x109 ./low_level_init.o
                                0x13d (size before relaxing)
 .debug_str     0x00000109      0x123 ./main.o
                                0x1ce (size before relaxing)
 .debug_str     0x0000022c       0x7b ./Modules/adc.o
                                0x164 (size before relaxing)
 .debug_str     0x000002a7       0x1f ./Modules/cpu_init.o
                                 0x78 (size before relaxing)
 .debug_str     0x000002c6       0x1c ./Modules/gpio.o
                                 0x70 (size before relaxing)
 .debug_str     0x000002e2       0x8e ./Modules/iprintf.o
                                0x17a (size before relaxing)
 .debug_str     0x00000370       0x6f ./Modules/pwm.o
                                 0xd0 (size before relaxing)
 .debug_str     0x000003df       0x51 ./Modules/timer.o
                                0x136 (size before relaxing)
 .debug_str     0x00000430       0xcd ./Modules/uart.o
                                0x1cf (size before relaxing)
 .debug_str     0x000004fd       0xb5 c:/arm/yagarto/bin/../lib/gcc/arm-none-eabi/4.5.1/../../../../arm-none-eabi/lib\libg.a(lib_a-memcpy.o)
                                0x14a (size before relaxing)

.debug_loc      0x00000000      0x88b
 *(.debug_loc)
 .debug_loc     0x00000000       0x58 ./low_level_init.o
 .debug_loc     0x00000058      0x1b8 ./main.o
 .debug_loc     0x00000210       0x84 ./Modules/adc.o
 .debug_loc     0x00000294       0x58 ./Modules/cpu_init.o
 .debug_loc     0x000002ec       0x2c ./Modules/gpio.o
 .debug_loc     0x00000318      0x120 ./Modules/iprintf.o
 .debug_loc     0x00000438       0xb0 ./Modules/pwm.o
 .debug_loc     0x000004e8       0xb0 ./Modules/timer.o
 .debug_loc     0x00000598      0x134 ./Modules/uart.o
 .debug_loc     0x000006cc      0x1bf c:/arm/yagarto/bin/../lib/gcc/arm-none-eabi/4.5.1/../../../../arm-none-eabi/lib\libg.a(lib_a-memcpy.o)

.debug_macinfo  0x00000000    0x37622
 *(.debug_macinfo)
 .debug_macinfo
                0x00000000     0x65e8 ./low_level_init.o
 .debug_macinfo
                0x000065e8     0x837b ./main.o
 .debug_macinfo
                0x0000e963     0x66b5 ./Modules/adc.o
 .debug_macinfo
                0x00015018     0x5e49 ./Modules/cpu_init.o
 .debug_macinfo
                0x0001ae61     0x5cdd ./Modules/gpio.o
 .debug_macinfo
                0x00020b3e     0x1fe9 ./Modules/iprintf.o
 .debug_macinfo
                0x00022b27     0x5d13 ./Modules/pwm.o
 .debug_macinfo
                0x0002883a     0x8773 ./Modules/timer.o
 .debug_macinfo
                0x00030fad     0x6675 ./Modules/uart.o

.debug_weaknames
 *(.debug_weaknames)

.debug_funcnames
 *(.debug_funcnames)

.debug_typenames
 *(.debug_typenames)

.debug_varnames
 *(.debug_varnames)

.note.gnu.arm.ident
 *(.note.gnu.arm.ident)

.ARM.attributes
                0x00000000       0x2e
 *(.ARM.attributes)
 .ARM.attributes
                0x00000000       0x30 ./low_level_init.o
 .ARM.attributes
                0x00000030       0x30 ./main.o
 .ARM.attributes
                0x00000060       0x20 ./startup.o
 .ARM.attributes
                0x00000080       0x30 ./Modules/adc.o
 .ARM.attributes
                0x000000b0       0x30 ./Modules/cpu_init.o
 .ARM.attributes
                0x000000e0       0x30 ./Modules/gpio.o
 .ARM.attributes
                0x00000110       0x30 ./Modules/iprintf.o
 .ARM.attributes
                0x00000140       0x30 ./Modules/pwm.o
 .ARM.attributes
                0x00000170       0x30 ./Modules/timer.o
 .ARM.attributes
                0x000001a0       0x30 ./Modules/uart.o
 .ARM.attributes
                0x000001d0       0x18 c:/arm/yagarto/bin/../lib/gcc/arm-none-eabi/4.5.1\libgcc.a(_udivsi3.o)
 .ARM.attributes
                0x000001e8       0x18 c:/arm/yagarto/bin/../lib/gcc/arm-none-eabi/4.5.1\libgcc.a(_divsi3.o)
 .ARM.attributes
                0x00000200       0x16 c:/arm/yagarto/bin/../lib/gcc/arm-none-eabi/4.5.1\libgcc.a(_dvmd_tls.o)
 .ARM.attributes
                0x00000216       0x30 c:/arm/yagarto/bin/../lib/gcc/arm-none-eabi/4.5.1/../../../../arm-none-eabi/lib\libg.a(lib_a-memcpy.o)

/DISCARD/
 *(.note.GNU-stack)
OUTPUT(MA2000_Firmware_v_0_27.elf elf32-littlearm)

.debug_pubtypes
                0x00000000      0x131
 .debug_pubtypes
                0x00000000       0x2b ./low_level_init.o
 .debug_pubtypes
                0x0000002b       0x35 ./main.o
 .debug_pubtypes
                0x00000060       0x2b ./Modules/adc.o
 .debug_pubtypes
                0x0000008b       0x3f ./Modules/iprintf.o
 .debug_pubtypes
                0x000000ca       0x12 ./Modules/timer.o
 .debug_pubtypes
                0x000000dc       0x38 ./Modules/uart.o
 .debug_pubtypes
                0x00000114       0x1d c:/arm/yagarto/bin/../lib/gcc/arm-none-eabi/4.5.1/../../../../arm-none-eabi/lib\libg.a(lib_a-memcpy.o)
